Component: ARM Compiler 5.05 update 1 (build 106) Tool: armlink [4d0efa]

==============================================================================

Section Cross References

    main.o(.text) refers to _printf_percent.o(.ARM.Collect$$_printf_percent$$00000000) for _printf_percent
    main.o(.text) refers to _printf_d.o(.ARM.Collect$$_printf_percent$$00000009) for _printf_d
    main.o(.text) refers to _printf_dec.o(.text) for _printf_int_dec
    main.o(.text) refers to my_api.o(.text) for Gimbal_Params_Init
    main.o(.text) refers to bsp.o(.text) for BSP_Init
    main.o(.text) refers to cmtask.o(.text) for Fire_Motor_Pidparams_init
    main.o(.text) refers to dbustask.o(.text) for RemoteSelfCheck
    main.o(.text) refers to iwdg.o(.text) for DogFeed
    main.o(.text) refers to noretval__2printf.o(.text) for __2printf
    main.o(.text) refers to iwdg.o(.data) for Dog
    main.o(.text) refers to cantask.o(.data) for origion_yaw_encoder_val
    my_api.o(.text) refers to cmtask.o(.text) for CM_Motor_Pidparams_init
    my_api.o(.text) refers to dbustask.o(.text) for GetInputMode
    my_api.o(.text) refers to cantask.o(.text) for Set_Gimbal_Current
    my_api.o(.text) refers to my_api.o(.data) for YawControl
    my_api.o(.text) refers to imu.o(.bss) for mydata
    my_api.o(.text) refers to iwdg.o(.data) for Dog
    my_api.o(.text) refers to pid_modify.o(.bss) for CAN1_Motor_PID
    my_api.o(.data) refers to cmtask.o(.text) for CMControlCalc
    my_api.o(.data) refers to gimbaltask.o(.text) for YawControlCalc
    dbustask.o(.text) refers to pid.o(.text) for constrain
    dbustask.o(.text) refers to gimbaltask.o(.text) for Set_fire_speed
    dbustask.o(.text) refers to dbustask.o(.data) for inputmode
    dbustask.o(.text) refers to my_api.o(.data) for workState
    dbustask.o(.text) refers to referee.o(.bss) for Referee_date1
    dbustask.o(.text) refers to my_api.o(.text) for GetWorkState
    dbustask.o(.text) refers to stm32f4xx_dma.o(.text) for DMA_GetFlagStatus
    dbustask.o(.text) refers to bsp.o(.data) for Bsp
    dbustask.o(.text) refers to iwdg.o(.data) for Dog
    dbustask.o(.text) refers to iwdg.o(.bss) for global_cout
    dbustask.o(.text) refers to dbus.o(.bss) for sbus_rx_buffer
    dbustask.o(.text) refers to imu.o(.bss) for mydata
    cantask.o(.text) refers to stm32f4xx_can.o(.text) for CAN_Receive
    cantask.o(.text) refers to cantask.o(.data) for new_data_p
    cantask.o(.text) refers to iwdg.o(.bss) for global_cout
    cantask.o(.text) refers to pid_modify.o(.bss) for CAN1_Motor_PID
    cantask.o(.text) refers to my_api.o(.data) for workState
    cantask.o(.text) refers to imu.o(.bss) for mydata
    remotetask.o(.text) refers to imu.o(.bss) for mydata
    pid.o(.text) refers to pid.o(.data) for Error_Last
    pid.o(.data) refers to pid.o(.text) for IncrementalPidCalc
    gimbaltask.o(.text) refers to pid.o(.text) for constrain
    gimbaltask.o(.text) refers to my_api.o(.text) for GetWorkState
    gimbaltask.o(.text) refers to f2d.o(x$fpl$f2d) for __aeabi_f2d
    gimbaltask.o(.text) refers to daddsub_clz.o(x$fpl$dadd) for __aeabi_dadd
    gimbaltask.o(.text) refers to dmul.o(x$fpl$dmul) for __aeabi_dmul
    gimbaltask.o(.text) refers to d2f.o(x$fpl$d2f) for __aeabi_d2f
    gimbaltask.o(.text) refers to pid_modify.o(.text) for pid_calc
    gimbaltask.o(.text) refers to dbustask.o(.data) for Control_Mode
    gimbaltask.o(.text) refers to gimbaltask.o(.data) for perror
    gimbaltask.o(.text) refers to auto_attacktask.o(.bss) for AutoData
    gimbaltask.o(.text) refers to imu.o(.bss) for mydata
    gimbaltask.o(.text) refers to my_api.o(.data) for PitchControl
    gimbaltask.o(.text) refers to pid_modify.o(.bss) for CAN1_Motor_PID
    gimbaltask.o(.text) refers to referee.o(.bss) for Referee_date1
    cmtask.o(.text) refers to pid_modify.o(.text) for PID_struct_init
    cmtask.o(.text) refers to pid.o(.text) for constrain
    cmtask.o(.text) refers to pid_modify.o(.bss) for CAN2_Motor_PID
    cmtask.o(.text) refers to referee.o(.bss) for power
    cmtask.o(.text) refers to referee.o(.data) for g_Referee_flag
    cmtask.o(.text) refers to cmtask.o(.data) for limit_ch1
    cmtask.o(.text) refers to my_api.o(.text) for GetWorkState
    cmtask.o(.text) refers to my_api.o(.data) for CmCotrol
    auto_attacktask.o(.text) refers to stm32f4xx_usart.o(.text) for USART_GetFlagStatus
    auto_attacktask.o(.text) refers to stm32f4xx_rcc.o(.text) for RCC_AHB1PeriphClockCmd
    auto_attacktask.o(.text) refers to stm32f4xx_gpio.o(.text) for GPIO_Init
    auto_attacktask.o(.text) refers to misc.o(.text) for NVIC_Init
    auto_attacktask.o(.text) refers to stm32f4xx_dma.o(.text) for DMA_Cmd
    auto_attacktask.o(.text) refers to usart.o(.bss) for myTerminal
    auto_attacktask.o(.text) refers to auto_attacktask.o(.bss) for AutoData
    auto_attacktask.o(.text) refers to auto_attacktask.o(.data) for SendBuff
[...]
    YawControlLoop_Init                      0x08001461   Thumb Code   138  gimbaltask.o(.text)
    YawControlLoop_Work                      0x080014eb   Thumb Code   228  gimbaltask.o(.text)
    YawControlCalc                           0x080015cf   Thumb Code    76  gimbaltask.o(.text)
    PitchControlCalc                         0x0800161b   Thumb Code   344  gimbaltask.o(.text)
    Get_angle                                0x08001773   Thumb Code    46  gimbaltask.o(.text)
    FireControlLoop                          0x080017a1   Thumb Code    72  gimbaltask.o(.text)
    Set_Fire_Fre                             0x080017e9   Thumb Code    96  gimbaltask.o(.text)
    Fire_speed_Control                       0x08001849   Thumb Code   108  gimbaltask.o(.text)
    Set_fire_speed                           0x080018b5   Thumb Code    12  gimbaltask.o(.text)
    Set_Fire_Mode                            0x080018c1   Thumb Code   256  gimbaltask.o(.text)
    Heat2SetFire                             0x080019c1   Thumb Code    82  gimbaltask.o(.text)
    Fire_Motor_Pidparams_init                0x08001a1d   Thumb Code    84  cmtask.o(.text)
    CM_Motor_Pidparams_init                  0x08001a71   Thumb Code    56  cmtask.o(.text)
    Power_Limit                              0x08001aa9   Thumb Code  1318  cmtask.o(.text)
    CMControlCalc                            0x08001fcf   Thumb Code   536  cmtask.o(.text)
    Fire_speed_position                      0x080021e7   Thumb Code   208  cmtask.o(.text)
    abs_limit                                0x080022b9   Thumb Code    46  pid_modify.o(.text)
    pid_calc                                 0x08002329   Thumb Code   314  pid_modify.o(.text)
    PID_struct_init                          0x08002463   Thumb Code    88  pid_modify.o(.text)
    hex2Float                                0x080024c9   Thumb Code    70  auto_attacktask.o(.text)
    TerminalCommand_receive_AUTO             0x0800250f   Thumb Code   168  auto_attacktask.o(.text)
    send_data                                0x080025b7   Thumb Code    78  auto_attacktask.o(.text)
    USART3_Gpio_Config                       0x08002605   Thumb Code    70  auto_attacktask.o(.text)
    USART3_Config                            0x0800264b   Thumb Code    80  auto_attacktask.o(.text)
    DMA1NVIC_Config                          0x0800269b   Thumb Code    34  auto_attacktask.o(.text)
    DMA1_Config                              0x080026bd   Thumb Code   134  auto_attacktask.o(.text)
    MainFocusConfig                          0x08002743   Thumb Code    20  auto_attacktask.o(.text)
    receiveMainFocusData                     0x08002757   Thumb Code   154  auto_attacktask.o(.text)
    DMA1_Stream1_IRQHandler                  0x080027f1   Thumb Code    36  auto_attacktask.o(.text)
    BSP_Init                                 0x0800284d   Thumb Code    74  bsp.o(.text)
    OpenTheGreenLed                          0x08002897   Thumb Code    30  bsp.o(.text)
    OpenTheRedLed                            0x080028b5   Thumb Code    26  bsp.o(.text)
    OpenTheLaser                             0x080028cf   Thumb Code    30  bsp.o(.text)
    OpenTheMagazine                          0x080028ed   Thumb Code    18  bsp.o(.text)
    TurnOnTheShootMotor                      0x080028ff   Thumb Code    26  bsp.o(.text)
    LEDConfig                                0x0800292d   Thumb Code    62  led.o(.text)
    LaserConfig                              0x08002975   Thumb Code    50  laser.o(.text)
    BeepConfig                               0x080029ad   Thumb Code    48  beep.o(.text)
    USART1_Gpio_Config                       0x080029e1   Thumb Code    58  dbus.o(.text)
    USART1_Config                            0x08002a1b   Thumb Code    78  dbus.o(.text)
    DMA2NVIC_Config                          0x08002a69   Thumb Code    34  dbus.o(.text)
    DMA2_Config                              0x08002a8b   Thumb Code   132  dbus.o(.text)
    DbusConfig                               0x08002b0f   Thumb Code    20  dbus.o(.text)
    _sys_exit                                0x08002b39   Thumb Code     4  usart.o(.text)
    fputc                                    0x08002b3d   Thumb Code    24  usart.o(.text)
    USART2_Gpio_Config                       0x08002b55   Thumb Code    68  usart.o(.text)
    USART2_Config                            0x08002b99   Thumb Code    90  usart.o(.text)
    USARTxNVIC_Config                        0x08002bf3   Thumb Code    42  usart.o(.text)
    UsartConfig                              0x08002c1d   Thumb Code     8  usart.o(.text)
    USART2_IRQHandler                        0x08002c25   Thumb Code   102  usart.o(.text)
    TIM2_Config                              0x08002c99   Thumb Code    60  timer.o(.text)
    TIM3_Config                              0x08002cd5   Thumb Code    66  timer.o(.text)
    TIM4_Config                              0x08002d17   Thumb Code    66  timer.o(.text)
    TIMExNVIC_Config                         0x08002d59   Thumb Code    72  timer.o(.text)
    TimConfig                                0x08002da1   Thumb Code    20  timer.o(.text)
    TIM2_IRQHandler                          0x08002db5   Thumb Code    30  timer.o(.text)
    Get_Time_Micros                          0x08002dd3   Thumb Code     8  timer.o(.text)
    TIM3_IRQHandler                          0x08002ddb   Thumb Code    20  timer.o(.text)
    TIM4_IRQHandler                          0x08002def   Thumb Code    26  timer.o(.text)
    TIM1_PWM_Config                          0x08002e11   Thumb Code   252  pwm.o(.text)
    TIM12_PWM_Config                         0x08002f0d   Thumb Code   182  pwm.o(.text)
    PwmConfig                                0x08002fc3   Thumb Code    12  pwm.o(.text)
    CAN1Config                               0x08003101   Thumb Code    16  can1.o(.text)
    DelayConfig                              0x08003119   Thumb Code    52  delay.o(.text)
    delay_us                                 0x0800314d   Thumb Code    72  delay.o(.text)
    delay_xms                                0x08003195   Thumb Code    72  delay.o(.text)
    delay_ms                                 0x080031dd   Thumb Code    56  delay.o(.text)
    STMFLASH_ReadWord                        0x0800321d   Thumb Code     6  stmflash.o(.text)
    STMFLASH_GetFlashSector                  0x08003223   Thumb Code   116  stmflash.o(.text)
    STMFLASH_Write                           0x08003297   Thumb Code   146  stmflash.o(.text)
    STMFLASH_Read                            0x08003329   Thumb Code    32  stmflash.o(.text)
    StmflashWrite                            0x08003349   Thumb Code     2  stmflash.o(.text)
    StmflashRead                             0x0800334b   Thumb Code     2  stmflash.o(.text)
    IWDG_Init                                0x0800337d   Thumb Code    34  iwdg.o(.text)
    GetLostError                             0x0800339f   Thumb Code    96  iwdg.o(.text)
    check                                    0x080033ff   Thumb Code    78  iwdg.o(.text)
    DogFeed                                  0x0800344d   Thumb Code    10  iwdg.o(.text)
    Referee_init                             0x080034f9   Thumb Code   324  referee.o(.text)
    bubble_sort                              0x0800363d   Thumb Code   100  referee.o(.text)
    Get_CRC8_Check_Sum                       0x080036a1   Thumb Code    30  referee.o(.text)
    Verify_CRC8_Check_Sum                    0x080036bf   Thumb Code    46  referee.o(.text)
    USART6_IRQHandler                        0x080038d1   Thumb Code   120  referee.o(.text)
    Append_CRC8_Check_Sum                    0x08003949   Thumb Code    36  referee.o(.text)
    invSqrt                                  0x0800396d   Thumb Code    56  imu.o(.text)
    IMU_getValues                            0x080039a5   Thumb Code   100  imu.o(.text)
    IMU_AHRSupdate                           0x08003a09   Thumb Code  1620  imu.o(.text)
    IMU_getYawPitchRoll                      0x0800405d   Thumb Code   800  imu.o(.text)
    GetPitchYawGxGyGz                        0x0800437d   Thumb Code    94  imu.o(.text)
    SPI5_Gpio_Config                         0x080043e1   Thumb Code   116  spi.o(.text)
    SPI5_Config                              0x08004455   Thumb Code   104  spi.o(.text)
    SPI5_SetSpeed                            0x080044bd   Thumb Code    36  spi.o(.text)
    SPIConfig                                0x080044e1   Thumb Code    18  spi.o(.text)
    SPI5_ReadWriteByte                       0x080044f3   Thumb Code    82  spi.o(.text)
    MPU6500_Write_Reg                        0x0800454d   Thumb Code    50  mpu6500_driver.o(.text)
    MPU6500_Read_Reg                         0x0800457f   Thumb Code    52  mpu6500_driver.o(.text)
    MPU6500_Read_Regs                        0x080045b3   Thumb Code    30  mpu6500_driver.o(.text)
    IST8310_Init                             0x080046d7   Thumb Code   242  mpu6500_driver.o(.text)
    MPU6500_Set_Accel_Fsr                    0x080047c9   Thumb Code    16  mpu6500_driver.o(.text)
    MPU6500_Set_Gyro_Fsr                     0x080047d9   Thumb Code    16  mpu6500_driver.o(.text)
    MPU6500_DataSave                         0x080047e9   Thumb Code   534  mpu6500_driver.o(.text)
    MPU6500_GetMotion6                       0x080049ff   Thumb Code   452  mpu6500_driver.o(.text)
    MPU6050_getlastMotion6                   0x08004bc3   Thumb Code    76  mpu6500_driver.o(.text)
    MPU6500_InitGyro_offset                  0x08004c0f   Thumb Code   178  mpu6500_driver.o(.text)
    Correct_Data_For_GXYZ                    0x08004cc1   Thumb Code    42  mpu6500_driver.o(.text)
    MPU6500_Init                             0x08004ceb   Thumb Code    94  mpu6500_driver.o(.text)
    MPU6500Config                            0x08004d49   Thumb Code    20  mpu6500_driver.o(.text)
    IMU_INT_Config                           0x08004e27   Thumb Code    16  imu_int.o(.text)
    EXTI1_IRQHandler                         0x08004e37   Thumb Code    24  imu_int.o(.text)
    NVIC_PriorityGroupConfig                 0x08004e59   Thumb Code    10  misc.o(.text)
    NVIC_Init                                0x08004e63   Thumb Code   106  misc.o(.text)
    NVIC_SetVectorTable                      0x08004ecd   Thumb Code    14  misc.o(.text)
    NVIC_SystemLPConfig                      0x08004edb   Thumb Code    34  misc.o(.text)
    SysTick_CLKSourceConfig                  0x08004efd   Thumb Code    40  misc.o(.text)
    GPIO_DeInit                              0x08004f39   Thumb Code   268  stm32f4xx_gpio.o(.text)
    GPIO_Init                                0x08005045   Thumb Code   144  stm32f4xx_gpio.o(.text)
    GPIO_StructInit                          0x080050d5   Thumb Code    18  stm32f4xx_gpio.o(.text)
    GPIO_PinLockConfig                       0x080050e7   Thumb Code    34  stm32f4xx_gpio.o(.text)
    GPIO_ReadInputDataBit                    0x08005109   Thumb Code    18  stm32f4xx_gpio.o(.text)
    GPIO_ReadInputData                       0x0800511b   Thumb Code     8  stm32f4xx_gpio.o(.text)
    GPIO_ReadOutputDataBit                   0x08005123   Thumb Code    18  stm32f4xx_gpio.o(.text)
    GPIO_ReadOutputData                      0x08005135   Thumb Code     8  stm32f4xx_gpio.o(.text)
    GPIO_SetBits                             0x0800513d   Thumb Code     4  stm32f4xx_gpio.o(.text)
    GPIO_ResetBits                           0x08005141   Thumb Code     4  stm32f4xx_gpio.o(.text)
    GPIO_WriteBit                            0x08005145   Thumb Code    10  stm32f4xx_gpio.o(.text)
    GPIO_Write                               0x0800514f   Thumb Code     4  stm32f4xx_gpio.o(.text)
    GPIO_ToggleBits                          0x08005153   Thumb Code     8  stm32f4xx_gpio.o(.text)
    GPIO_PinAFConfig                         0x0800515b   Thumb Code    70  stm32f4xx_gpio.o(.text)
    RCC_DeInit                               0x080051cd   Thumb Code    82  stm32f4xx_rcc.o(.text)
    RCC_HSEConfig                            0x0800521f   Thumb Code    14  stm32f4xx_rcc.o(.text)
    RCC_GetFlagStatus                        0x0800522d   Thumb Code    60  stm32f4xx_rcc.o(.text)
    RCC_WaitForHSEStartUp                    0x08005269   Thumb Code    56  stm32f4xx_rcc.o(.text)
    RCC_AdjustHSICalibrationValue            0x080052a1   Thumb Code    20  stm32f4xx_rcc.o(.text)
    RCC_HSICmd                               0x080052b5   Thumb Code     6  stm32f4xx_rcc.o(.text)
    RCC_LSEConfig                            0x080052bb   Thumb Code    46  stm32f4xx_rcc.o(.text)
    RCC_LSICmd                               0x080052e9   Thumb Code     6  stm32f4xx_rcc.o(.text)
    RCC_PLLConfig                            0x080052ef   Thumb Code    32  stm32f4xx_rcc.o(.text)
    RCC_PLLCmd                               0x0800530f   Thumb Code     6  stm32f4xx_rcc.o(.text)
    RCC_PLLI2SConfig                         0x08005315   Thumb Code    20  stm32f4xx_rcc.o(.text)
    RCC_PLLI2SCmd                            0x08005329   Thumb Code     6  stm32f4xx_rcc.o(.text)
    RCC_PLLSAIConfig                         0x0800532f   Thumb Code    20  stm32f4xx_rcc.o(.text)
    RCC_PLLSAICmd                            0x08005343   Thumb Code     6  stm32f4xx_rcc.o(.text)
    RCC_ClockSecuritySystemCmd               0x08005349   Thumb Code     6  stm32f4xx_rcc.o(.text)
    RCC_MCO1Config                           0x0800534f   Thumb Code    28  stm32f4xx_rcc.o(.text)
    RCC_MCO2Config                           0x0800536b   Thumb Code    28  stm32f4xx_rcc.o(.text)
    RCC_SYSCLKConfig                         0x08005387   Thumb Code    20  stm32f4xx_rcc.o(.text)
    RCC_GetSYSCLKSource                      0x0800539b   Thumb Code    12  stm32f4xx_rcc.o(.text)
    RCC_HCLKConfig                           0x080053a7   Thumb Code    20  stm32f4xx_rcc.o(.text)
    RCC_PCLK1Config                          0x080053bb   Thumb Code    20  stm32f4xx_rcc.o(.text)
    RCC_PCLK2Config                          0x080053cf   Thumb Code    22  stm32f4xx_rcc.o(.text)
    RCC_GetClocksFreq                        0x080053e5   Thumb Code   222  stm32f4xx_rcc.o(.text)
    RCC_RTCCLKConfig                         0x080054c3   Thumb Code    54  stm32f4xx_rcc.o(.text)
    RCC_RTCCLKCmd                            0x080054f9   Thumb Code     8  stm32f4xx_rcc.o(.text)
    RCC_BackupResetCmd                       0x08005501   Thumb Code     8  stm32f4xx_rcc.o(.text)
    RCC_I2SCLKConfig                         0x08005509   Thumb Code     6  stm32f4xx_rcc.o(.text)
    RCC_SAIPLLI2SClkDivConfig                0x0800550f   Thumb Code    26  stm32f4xx_rcc.o(.text)
    RCC_SAIPLLSAIClkDivConfig                0x08005529   Thumb Code    28  stm32f4xx_rcc.o(.text)
    RCC_SAIBlockACLKConfig                   0x08005545   Thumb Code    20  stm32f4xx_rcc.o(.text)
    RCC_SAIBlockBCLKConfig                   0x08005559   Thumb Code    20  stm32f4xx_rcc.o(.text)
    RCC_LTDCCLKDivConfig                     0x0800556d   Thumb Code    20  stm32f4xx_rcc.o(.text)
    RCC_TIMCLKPresConfig                     0x08005581   Thumb Code     6  stm32f4xx_rcc.o(.text)
    RCC_AHB1PeriphClockCmd                   0x08005587   Thumb Code    82  stm32f4xx_rcc.o(.text)
    RCC_AHB2PeriphClockCmd                   0x080055d9   Thumb Code    26  stm32f4xx_rcc.o(.text)
    RCC_AHB3PeriphClockCmd                   0x080055f3   Thumb Code    34  stm32f4xx_rcc.o(.text)
    RCC_APB1PeriphClockCmd                   0x08005615   Thumb Code    34  stm32f4xx_rcc.o(.text)
    RCC_APB2PeriphClockCmd                   0x08005637   Thumb Code    34  stm32f4xx_rcc.o(.text)
    RCC_AHB1PeriphResetCmd                   0x08005659   Thumb Code    34  stm32f4xx_rcc.o(.text)
    RCC_AHB2PeriphResetCmd                   0x0800567b   Thumb Code    34  stm32f4xx_rcc.o(.text)
    RCC_AHB3PeriphResetCmd                   0x0800569d   Thumb Code    34  stm32f4xx_rcc.o(.text)
    RCC_APB1PeriphResetCmd                   0x080056bf   Thumb Code    34  stm32f4xx_rcc.o(.text)
    RCC_APB2PeriphResetCmd                   0x080056e1   Thumb Code    34  stm32f4xx_rcc.o(.text)
    RCC_AHB1PeriphClockLPModeCmd             0x08005703   Thumb Code    34  stm32f4xx_rcc.o(.text)
    RCC_AHB2PeriphClockLPModeCmd             0x08005725   Thumb Code    34  stm32f4xx_rcc.o(.text)
    RCC_AHB3PeriphClockLPModeCmd             0x08005747   Thumb Code    34  stm32f4xx_rcc.o(.text)
    RCC_APB1PeriphClockLPModeCmd             0x08005769   Thumb Code    34  stm32f4xx_rcc.o(.text)
    RCC_APB2PeriphClockLPModeCmd             0x0800578b   Thumb Code    34  stm32f4xx_rcc.o(.text)
    RCC_LSEModeConfig                        0x080057ad   Thumb Code    40  stm32f4xx_rcc.o(.text)
    RCC_ITConfig                             0x080057d5   Thumb Code    34  stm32f4xx_rcc.o(.text)
    RCC_ClearFlag                            0x080057f7   Thumb Code    18  stm32f4xx_rcc.o(.text)
    RCC_GetITStatus                          0x08005809   Thumb Code    22  stm32f4xx_rcc.o(.text)
    RCC_ClearITPendingBit                    0x0800581f   Thumb Code     8  stm32f4xx_rcc.o(.text)
    SYSCFG_DeInit                            0x0800582d   Thumb Code    22  stm32f4xx_syscfg.o(.text)
    SYSCFG_MemoryRemapConfig                 0x08005843   Thumb Code     6  stm32f4xx_syscfg.o(.text)
    SYSCFG_MemorySwappingBank                0x08005849   Thumb Code     6  stm32f4xx_syscfg.o(.text)
    SYSCFG_EXTILineConfig                    0x0800584f   Thumb Code    66  stm32f4xx_syscfg.o(.text)
    SYSCFG_ETH_MediaInterfaceConfig          0x08005891   Thumb Code     8  stm32f4xx_syscfg.o(.text)
    SYSCFG_CompensationCellCmd               0x08005899   Thumb Code     6  stm32f4xx_syscfg.o(.text)
    SYSCFG_GetCompensationCellStatus         0x0800589f   Thumb Code    22  stm32f4xx_syscfg.o(.text)
    USART_DeInit                             0x080058c1   Thumb Code   206  stm32f4xx_usart.o(.text)
    USART_Init                               0x0800598f   Thumb Code   204  stm32f4xx_usart.o(.text)
    USART_StructInit                         0x08005a5b   Thumb Code    24  stm32f4xx_usart.o(.text)
    USART_ClockInit                          0x08005a73   Thumb Code    32  stm32f4xx_usart.o(.text)
    USART_ClockStructInit                    0x08005a93   Thumb Code    12  stm32f4xx_usart.o(.text)
    USART_Cmd                                0x08005a9f   Thumb Code    24  stm32f4xx_usart.o(.text)
    USART_SetPrescaler                       0x08005ab7   Thumb Code    16  stm32f4xx_usart.o(.text)
    USART_OverSampling8Cmd                   0x08005ac7   Thumb Code    22  stm32f4xx_usart.o(.text)
    USART_OneBitMethodCmd                    0x08005add   Thumb Code    24  stm32f4xx_usart.o(.text)
    USART_SendData                           0x08005af5   Thumb Code     8  stm32f4xx_usart.o(.text)
    USART_ReceiveData                        0x08005afd   Thumb Code    10  stm32f4xx_usart.o(.text)
    USART_SetAddress                         0x08005b07   Thumb Code    18  stm32f4xx_usart.o(.text)
    USART_ReceiverWakeUpCmd                  0x08005b19   Thumb Code    24  stm32f4xx_usart.o(.text)
    USART_WakeUpConfig                       0x08005b31   Thumb Code    18  stm32f4xx_usart.o(.text)
    USART_LINBreakDetectLengthConfig         0x08005b43   Thumb Code    18  stm32f4xx_usart.o(.text)
    USART_LINCmd                             0x08005b55   Thumb Code    24  stm32f4xx_usart.o(.text)
    USART_SendBreak                          0x08005b6d   Thumb Code    10  stm32f4xx_usart.o(.text)
    USART_HalfDuplexCmd                      0x08005b77   Thumb Code    24  stm32f4xx_usart.o(.text)
    USART_SetGuardTime                       0x08005b8f   Thumb Code    16  stm32f4xx_usart.o(.text)
    USART_SmartCardCmd                       0x08005b9f   Thumb Code    24  stm32f4xx_usart.o(.text)
    USART_SmartCardNACKCmd                   0x08005bb7   Thumb Code    24  stm32f4xx_usart.o(.text)
    USART_IrDAConfig                         0x08005bcf   Thumb Code    18  stm32f4xx_usart.o(.text)
    USART_IrDACmd                            0x08005be1   Thumb Code    24  stm32f4xx_usart.o(.text)
    USART_DMACmd                             0x08005bf9   Thumb Code    18  stm32f4xx_usart.o(.text)
    USART_ITConfig                           0x08005c0b   Thumb Code    74  stm32f4xx_usart.o(.text)
    USART_GetFlagStatus                      0x08005c55   Thumb Code    26  stm32f4xx_usart.o(.text)
    USART_ClearFlag                          0x08005c6f   Thumb Code    18  stm32f4xx_usart.o(.text)
    USART_GetITStatus                        0x08005c81   Thumb Code   118  stm32f4xx_usart.o(.text)
    USART_ClearITPendingBit                  0x08005cf7   Thumb Code    30  stm32f4xx_usart.o(.text)
    CAN_DeInit                               0x08005d15   Thumb Code    50  stm32f4xx_can.o(.text)
    CAN_Init                                 0x08005d47   Thumb Code   276  stm32f4xx_can.o(.text)
    CAN_FilterInit                           0x08005e5b   Thumb Code   258  stm32f4xx_can.o(.text)
    CAN_StructInit                           0x08005f5d   Thumb Code    32  stm32f4xx_can.o(.text)
    CAN_SlaveStartBank                       0x08005f7d   Thumb Code    48  stm32f4xx_can.o(.text)
    CAN_DBGFreeze                            0x08005fad   Thumb Code    22  stm32f4xx_can.o(.text)
    CAN_TTComModeCmd                         0x08005fc3   Thumb Code   118  stm32f4xx_can.o(.text)
    CAN_Transmit                             0x08006039   Thumb Code   304  stm32f4xx_can.o(.text)
    CAN_TransmitStatus                       0x08006169   Thumb Code   138  stm32f4xx_can.o(.text)
    CAN_CancelTransmit                       0x080061f3   Thumb Code    48  stm32f4xx_can.o(.text)
    CAN_Receive                              0x08006223   Thumb Code   240  stm32f4xx_can.o(.text)
    CAN_FIFORelease                          0x08006313   Thumb Code    22  stm32f4xx_can.o(.text)
    CAN_MessagePending                       0x08006329   Thumb Code    30  stm32f4xx_can.o(.text)
    CAN_OperatingModeRequest                 0x08006347   Thumb Code   162  stm32f4xx_can.o(.text)
    CAN_Sleep                                0x080063e9   Thumb Code    30  stm32f4xx_can.o(.text)
    CAN_WakeUp                               0x08006407   Thumb Code    48  stm32f4xx_can.o(.text)
    CAN_GetLastErrorCode                     0x08006437   Thumb Code    12  stm32f4xx_can.o(.text)
    CAN_GetReceiveErrorCounter               0x08006443   Thumb Code    10  stm32f4xx_can.o(.text)
    CAN_GetLSBTransmitErrorCounter           0x0800644d   Thumb Code    12  stm32f4xx_can.o(.text)
    CAN_ITConfig                             0x08006459   Thumb Code    18  stm32f4xx_can.o(.text)
    CAN_GetFlagStatus                        0x0800646b   Thumb Code   120  stm32f4xx_can.o(.text)
    CAN_ClearFlag                            0x080064e3   Thumb Code    52  stm32f4xx_can.o(.text)
    CAN_GetITStatus                          0x08006529   Thumb Code   310  stm32f4xx_can.o(.text)
    CAN_ClearITPendingBit                    0x0800665f   Thumb Code   162  stm32f4xx_can.o(.text)
    DMA_DeInit                               0x08006705   Thumb Code   324  stm32f4xx_dma.o(.text)
    DMA_Init                                 0x08006849   Thumb Code    82  stm32f4xx_dma.o(.text)
    DMA_StructInit                           0x0800689b   Thumb Code    34  stm32f4xx_dma.o(.text)
    DMA_Cmd                                  0x080068bd   Thumb Code    22  stm32f4xx_dma.o(.text)
    DMA_PeriphIncOffsetSizeConfig            0x080068d3   Thumb Code    22  stm32f4xx_dma.o(.text)
    DMA_FlowControllerConfig                 0x080068e9   Thumb Code    22  stm32f4xx_dma.o(.text)
    DMA_SetCurrDataCounter                   0x080068ff   Thumb Code     4  stm32f4xx_dma.o(.text)
    DMA_GetCurrDataCounter                   0x08006903   Thumb Code     8  stm32f4xx_dma.o(.text)
    DMA_DoubleBufferModeConfig               0x0800690b   Thumb Code    24  stm32f4xx_dma.o(.text)
    DMA_DoubleBufferModeCmd                  0x08006923   Thumb Code    22  stm32f4xx_dma.o(.text)
    DMA_MemoryTargetConfig                   0x08006939   Thumb Code    10  stm32f4xx_dma.o(.text)
    DMA_GetCurrentMemoryTarget               0x08006943   Thumb Code    20  stm32f4xx_dma.o(.text)
    DMA_GetCmdStatus                         0x08006957   Thumb Code    20  stm32f4xx_dma.o(.text)
    DMA_GetFIFOStatus                        0x0800696b   Thumb Code    12  stm32f4xx_dma.o(.text)
    DMA_GetFlagStatus                        0x08006977   Thumb Code    56  stm32f4xx_dma.o(.text)
    DMA_ClearFlag                            0x080069af   Thumb Code    40  stm32f4xx_dma.o(.text)
    DMA_ITConfig                             0x080069d7   Thumb Code    58  stm32f4xx_dma.o(.text)
    DMA_GetITStatus                          0x08006a11   Thumb Code    84  stm32f4xx_dma.o(.text)
    DMA_ClearITPendingBit                    0x08006a65   Thumb Code    40  stm32f4xx_dma.o(.text)
    TIM_DeInit                               0x08006aad   Thumb Code   346  stm32f4xx_tim.o(.text)
    TIM_TimeBaseInit                         0x08006c07   Thumb Code   104  stm32f4xx_tim.o(.text)
    TIM_TimeBaseStructInit                   0x08006c6f   Thumb Code    18  stm32f4xx_tim.o(.text)
    TIM_PrescalerConfig                      0x08006c81   Thumb Code     6  stm32f4xx_tim.o(.text)
    TIM_CounterModeConfig                    0x08006c87   Thumb Code    18  stm32f4xx_tim.o(.text)
    TIM_SetCounter                           0x08006c99   Thumb Code     4  stm32f4xx_tim.o(.text)
    TIM_SetAutoreload                        0x08006c9d   Thumb Code     4  stm32f4xx_tim.o(.text)
    TIM_GetCounter                           0x08006ca1   Thumb Code     6  stm32f4xx_tim.o(.text)
    TIM_GetPrescaler                         0x08006ca7   Thumb Code     6  stm32f4xx_tim.o(.text)
    TIM_UpdateDisableConfig                  0x08006cad   Thumb Code    24  stm32f4xx_tim.o(.text)
    TIM_UpdateRequestConfig                  0x08006cc5   Thumb Code    24  stm32f4xx_tim.o(.text)
    TIM_ARRPreloadConfig                     0x08006cdd   Thumb Code    24  stm32f4xx_tim.o(.text)
    TIM_SelectOnePulseMode                   0x08006cf5   Thumb Code    18  stm32f4xx_tim.o(.text)
    TIM_SetClockDivision                     0x08006d07   Thumb Code    18  stm32f4xx_tim.o(.text)
    TIM_Cmd                                  0x08006d19   Thumb Code    24  stm32f4xx_tim.o(.text)
    TIM_OC1Init                              0x08006d31   Thumb Code   114  stm32f4xx_tim.o(.text)
    TIM_OC2Init                              0x08006da3   Thumb Code   154  stm32f4xx_tim.o(.text)
    TIM_OC3Init                              0x08006e3d   Thumb Code   204  stm32f4xx_tim.o(.text)
    TIM_OC4Init                              0x08006f09   Thumb Code   112  stm32f4xx_tim.o(.text)
    TIM_OCStructInit                         0x08006f79   Thumb Code    20  stm32f4xx_tim.o(.text)
    TIM_SelectOCxM                           0x08006f8d   Thumb Code    86  stm32f4xx_tim.o(.text)
    TIM_SetCompare1                          0x08006fe3   Thumb Code     4  stm32f4xx_tim.o(.text)
    TIM_SetCompare2                          0x08006fe7   Thumb Code     4  stm32f4xx_tim.o(.text)
    TIM_SetCompare3                          0x08006feb   Thumb Code     4  stm32f4xx_tim.o(.text)
    TIM_SetCompare4                          0x08006fef   Thumb Code     4  stm32f4xx_tim.o(.text)
    TIM_ForcedOC1Config                      0x08006ff3   Thumb Code    18  stm32f4xx_tim.o(.text)
    TIM_ForcedOC2Config                      0x08007005   Thumb Code    26  stm32f4xx_tim.o(.text)
    TIM_ForcedOC3Config                      0x0800701f   Thumb Code    18  stm32f4xx_tim.o(.text)
    TIM_ForcedOC4Config                      0x08007031   Thumb Code    26  stm32f4xx_tim.o(.text)
    TIM_OC1PreloadConfig                     0x0800704b   Thumb Code    18  stm32f4xx_tim.o(.text)
    TIM_OC2PreloadConfig                     0x0800705d   Thumb Code    26  stm32f4xx_tim.o(.text)
    TIM_OC3PreloadConfig                     0x08007077   Thumb Code    18  stm32f4xx_tim.o(.text)
    TIM_OC4PreloadConfig                     0x08007089   Thumb Code    26  stm32f4xx_tim.o(.text)
    TIM_OC1FastConfig                        0x080070a3   Thumb Code    18  stm32f4xx_tim.o(.text)
    TIM_OC2FastConfig                        0x080070b5   Thumb Code    26  stm32f4xx_tim.o(.text)
    TIM_OC3FastConfig                        0x080070cf   Thumb Code    18  stm32f4xx_tim.o(.text)
    TIM_OC4FastConfig                        0x080070e1   Thumb Code    26  stm32f4xx_tim.o(.text)
    TIM_ClearOC1Ref                          0x080070fb   Thumb Code    18  stm32f4xx_tim.o(.text)
    TIM_ClearOC2Ref                          0x0800710d   Thumb Code    24  stm32f4xx_tim.o(.text)
    TIM_ClearOC3Ref                          0x08007125   Thumb Code    18  stm32f4xx_tim.o(.text)
    TIM_ClearOC4Ref                          0x08007137   Thumb Code    24  stm32f4xx_tim.o(.text)
    TIM_OC1PolarityConfig                    0x0800714f   Thumb Code    18  stm32f4xx_tim.o(.text)
    TIM_OC1NPolarityConfig                   0x08007161   Thumb Code    18  stm32f4xx_tim.o(.text)
    TIM_OC2PolarityConfig                    0x08007173   Thumb Code    26  stm32f4xx_tim.o(.text)
    TIM_OC2NPolarityConfig                   0x0800718d   Thumb Code    26  stm32f4xx_tim.o(.text)
    TIM_OC3PolarityConfig                    0x080071a7   Thumb Code    26  stm32f4xx_tim.o(.text)
    TIM_OC3NPolarityConfig                   0x080071c1   Thumb Code    26  stm32f4xx_tim.o(.text)
    TIM_OC4PolarityConfig                    0x080071db   Thumb Code    26  stm32f4xx_tim.o(.text)
    TIM_CCxCmd                               0x080071f5   Thumb Code    30  stm32f4xx_tim.o(.text)
    TIM_CCxNCmd                              0x08007213   Thumb Code    30  stm32f4xx_tim.o(.text)
    TIM_SetIC4Prescaler                      0x08007231   Thumb Code    26  stm32f4xx_tim.o(.text)
    TIM_SetIC3Prescaler                      0x0800729b   Thumb Code    18  stm32f4xx_tim.o(.text)
    TIM_SetIC2Prescaler                      0x080072f5   Thumb Code    26  stm32f4xx_tim.o(.text)
    TIM_SetIC1Prescaler                      0x08007369   Thumb Code    18  stm32f4xx_tim.o(.text)
    TIM_ICInit                               0x080073b5   Thumb Code   110  stm32f4xx_tim.o(.text)
    TIM_ICStructInit                         0x08007423   Thumb Code    18  stm32f4xx_tim.o(.text)
    TIM_PWMIConfig                           0x08007435   Thumb Code   124  stm32f4xx_tim.o(.text)
    TIM_GetCapture1                          0x080074b1   Thumb Code     6  stm32f4xx_tim.o(.text)
    TIM_GetCapture2                          0x080074b7   Thumb Code     6  stm32f4xx_tim.o(.text)
    TIM_GetCapture3                          0x080074bd   Thumb Code     6  stm32f4xx_tim.o(.text)
    TIM_GetCapture4                          0x080074c3   Thumb Code     6  stm32f4xx_tim.o(.text)
    TIM_BDTRConfig                           0x080074c9   Thumb Code    32  stm32f4xx_tim.o(.text)
    TIM_BDTRStructInit                       0x080074e9   Thumb Code    18  stm32f4xx_tim.o(.text)
    TIM_CtrlPWMOutputs                       0x080074fb   Thumb Code    30  stm32f4xx_tim.o(.text)
    TIM_SelectCOM                            0x08007519   Thumb Code    24  stm32f4xx_tim.o(.text)
    TIM_CCPreloadControl                     0x08007531   Thumb Code    24  stm32f4xx_tim.o(.text)
    TIM_ITConfig                             0x08007549   Thumb Code    18  stm32f4xx_tim.o(.text)
    TIM_GenerateEvent                        0x0800755b   Thumb Code     4  stm32f4xx_tim.o(.text)
    TIM_GetFlagStatus                        0x0800755f   Thumb Code    18  stm32f4xx_tim.o(.text)
    TIM_ClearFlag                            0x08007571   Thumb Code     6  stm32f4xx_tim.o(.text)
    TIM_GetITStatus                          0x08007577   Thumb Code    34  stm32f4xx_tim.o(.text)
    TIM_ClearITPendingBit                    0x08007599   Thumb Code     6  stm32f4xx_tim.o(.text)
    TIM_DMAConfig                            0x0800759f   Thumb Code    10  stm32f4xx_tim.o(.text)
    TIM_DMACmd                               0x080075a9   Thumb Code    18  stm32f4xx_tim.o(.text)
    TIM_SelectCCDMA                          0x080075bb   Thumb Code    24  stm32f4xx_tim.o(.text)
    TIM_InternalClockConfig                  0x080075d3   Thumb Code    12  stm32f4xx_tim.o(.text)
    TIM_SelectInputTrigger                   0x080075df   Thumb Code    18  stm32f4xx_tim.o(.text)
    TIM_ITRxExternalClockConfig              0x080075f1   Thumb Code    24  stm32f4xx_tim.o(.text)
    TIM_TIxExternalClockConfig               0x08007609   Thumb Code    62  stm32f4xx_tim.o(.text)
    TIM_ETRConfig                            0x08007647   Thumb Code    28  stm32f4xx_tim.o(.text)
    TIM_ETRClockMode1Config                  0x08007663   Thumb Code    54  stm32f4xx_tim.o(.text)
    TIM_ETRClockMode2Config                  0x08007699   Thumb Code    32  stm32f4xx_tim.o(.text)
    TIM_SelectOutputTrigger                  0x080076b9   Thumb Code    18  stm32f4xx_tim.o(.text)
    TIM_SelectSlaveMode                      0x080076cb   Thumb Code    18  stm32f4xx_tim.o(.text)
    TIM_SelectMasterSlaveMode                0x080076dd   Thumb Code    18  stm32f4xx_tim.o(.text)
    TIM_EncoderInterfaceConfig               0x080076ef   Thumb Code    66  stm32f4xx_tim.o(.text)
    TIM_SelectHallSensor                     0x08007731   Thumb Code    24  stm32f4xx_tim.o(.text)
    TIM_RemapConfig                          0x08007749   Thumb Code     6  stm32f4xx_tim.o(.text)
    SPI_I2S_DeInit                           0x08007751   Thumb Code   152  stm32f4xx_spi.o(.text)
    SPI_Init                                 0x080077e9   Thumb Code    60  stm32f4xx_spi.o(.text)
    I2S_Init                                 0x08007825   Thumb Code   396  stm32f4xx_spi.o(.text)
    SPI_StructInit                           0x080079b1   Thumb Code    24  stm32f4xx_spi.o(.text)
    I2S_StructInit                           0x080079c9   Thumb Code    20  stm32f4xx_spi.o(.text)
    SPI_Cmd                                  0x080079dd   Thumb Code    24  stm32f4xx_spi.o(.text)
    I2S_Cmd                                  0x080079f5   Thumb Code    24  stm32f4xx_spi.o(.text)
    SPI_DataSizeConfig                       0x08007a0d   Thumb Code    18  stm32f4xx_spi.o(.text)
    SPI_BiDirectionalLineConfig              0x08007a1f   Thumb Code    28  stm32f4xx_spi.o(.text)
    SPI_NSSInternalSoftwareConfig            0x08007a3b   Thumb Code    30  stm32f4xx_spi.o(.text)
    SPI_SSOutputCmd                          0x08007a59   Thumb Code    24  stm32f4xx_spi.o(.text)
    SPI_TIModeCmd                            0x08007a71   Thumb Code    14  stm32f4xx_spi.o(.text)
    I2S_FullDuplexConfig                     0x08007a7f   Thumb Code    80  stm32f4xx_spi.o(.text)
    SPI_I2S_ReceiveData                      0x08007acf   Thumb Code     6  stm32f4xx_spi.o(.text)
    SPI_I2S_SendData                         0x08007ad5   Thumb Code     4  stm32f4xx_spi.o(.text)
    SPI_I2S_GetFlagStatus                    0x08007ad9   Thumb Code    18  stm32f4xx_spi.o(.text)
    SPI_TransmitReceive                      0x08007aeb   Thumb Code   156  stm32f4xx_spi.o(.text)
    SPI_CalculateCRC                         0x08007b87   Thumb Code    24  stm32f4xx_spi.o(.text)
    SPI_TransmitCRC                          0x08007b9f   Thumb Code    10  stm32f4xx_spi.o(.text)
    SPI_GetCRC                               0x08007ba9   Thumb Code    16  stm32f4xx_spi.o(.text)
    SPI_GetCRCPolynomial                     0x08007bb9   Thumb Code     6  stm32f4xx_spi.o(.text)
    SPI_I2S_DMACmd                           0x08007bbf   Thumb Code    18  stm32f4xx_spi.o(.text)
    SPI_I2S_ITConfig                         0x08007bd1   Thumb Code    32  stm32f4xx_spi.o(.text)
    SPI_I2S_ClearFlag                        0x08007bf1   Thumb Code     6  stm32f4xx_spi.o(.text)
    SPI_I2S_GetITStatus                      0x08007bf7   Thumb Code    52  stm32f4xx_spi.o(.text)
    SPI_I2S_ClearITPendingBit                0x08007c2b   Thumb Code    20  stm32f4xx_spi.o(.text)
    FLASH_SetLatency                         0x08007c41   Thumb Code     6  stm32f4xx_flash.o(.text)
    FLASH_PrefetchBufferCmd                  0x08007c47   Thumb Code    30  stm32f4xx_flash.o(.text)
    FLASH_InstructionCacheCmd                0x08007c65   Thumb Code    30  stm32f4xx_flash.o(.text)
    FLASH_DataCacheCmd                       0x08007c83   Thumb Code    30  stm32f4xx_flash.o(.text)
    FLASH_InstructionCacheReset              0x08007ca1   Thumb Code    14  stm32f4xx_flash.o(.text)
    FLASH_DataCacheReset                     0x08007caf   Thumb Code    14  stm32f4xx_flash.o(.text)
    FLASH_Unlock                             0x08007cbd   Thumb Code    26  stm32f4xx_flash.o(.text)
    FLASH_Lock                               0x08007cd7   Thumb Code    18  stm32f4xx_flash.o(.text)
    FLASH_GetStatus                          0x08007ce9   Thumb Code    90  stm32f4xx_flash.o(.text)
    FLASH_WaitForLastOperation               0x08007d43   Thumb Code    34  stm32f4xx_flash.o(.text)
    FLASH_EraseSector                        0x08007d65   Thumb Code   140  stm32f4xx_flash.o(.text)
    FLASH_EraseAllSectors                    0x08007df1   Thumb Code   118  stm32f4xx_flash.o(.text)
    FLASH_EraseAllBank1Sectors               0x08007e67   Thumb Code   112  stm32f4xx_flash.o(.text)
    FLASH_EraseAllBank2Sectors               0x08007ed7   Thumb Code   112  stm32f4xx_flash.o(.text)
    FLASH_ProgramDoubleWord                  0x08007f47   Thumb Code    86  stm32f4xx_flash.o(.text)
    FLASH_ProgramWord                        0x08007f9d   Thumb Code    82  stm32f4xx_flash.o(.text)
    FLASH_ProgramHalfWord                    0x08007fef   Thumb Code    96  stm32f4xx_flash.o(.text)
    FLASH_ProgramByte                        0x0800804f   Thumb Code    70  stm32f4xx_flash.o(.text)
    FLASH_OB_Unlock                          0x08008095   Thumb Code    26  stm32f4xx_flash.o(.text)
    FLASH_OB_Lock                            0x080080af   Thumb Code    18  stm32f4xx_flash.o(.text)
    FLASH_OB_WRPConfig                       0x080080c1   Thumb Code    54  stm32f4xx_flash.o(.text)
    FLASH_OB_WRP1Config                      0x080080f7   Thumb Code    54  stm32f4xx_flash.o(.text)
    FLASH_OB_PCROPSelectionConfig            0x0800812d   Thumb Code    24  stm32f4xx_flash.o(.text)
    FLASH_OB_PCROPConfig                     0x08008145   Thumb Code    54  stm32f4xx_flash.o(.text)
    FLASH_OB_PCROP1Config                    0x0800817b   Thumb Code    54  stm32f4xx_flash.o(.text)
    FLASH_OB_RDPConfig                       0x080081b1   Thumb Code    24  stm32f4xx_flash.o(.text)
    FLASH_OB_UserConfig                      0x080081c9   Thumb Code    46  stm32f4xx_flash.o(.text)
    FLASH_OB_BootConfig                      0x080081f7   Thumb Code    26  stm32f4xx_flash.o(.text)
    FLASH_OB_BORConfig                       0x08008211   Thumb Code    26  stm32f4xx_flash.o(.text)
    FLASH_OB_Launch                          0x0800822b   Thumb Code    30  stm32f4xx_flash.o(.text)
    FLASH_OB_GetUser                         0x08008249   Thumb Code    12  stm32f4xx_flash.o(.text)
    FLASH_OB_GetWRP                          0x08008255   Thumb Code     8  stm32f4xx_flash.o(.text)
    FLASH_OB_GetWRP1                         0x0800825d   Thumb Code     8  stm32f4xx_flash.o(.text)
    FLASH_OB_GetPCROP                        0x08008265   Thumb Code     8  stm32f4xx_flash.o(.text)
    FLASH_OB_GetPCROP1                       0x0800826d   Thumb Code     8  stm32f4xx_flash.o(.text)
    FLASH_OB_GetRDP                          0x08008275   Thumb Code    20  stm32f4xx_flash.o(.text)
    FLASH_OB_GetBOR                          0x08008289   Thumb Code    12  stm32f4xx_flash.o(.text)
    FLASH_ITConfig                           0x08008295   Thumb Code    26  stm32f4xx_flash.o(.text)
    FLASH_GetFlagStatus                      0x080082af   Thumb Code    22  stm32f4xx_flash.o(.text)
    FLASH_ClearFlag                          0x080082c5   Thumb Code     8  stm32f4xx_flash.o(.text)
    IWDG_WriteAccessCmd                      0x080082d9   Thumb Code     6  stm32f4xx_iwdg.o(.text)
    IWDG_SetPrescaler                        0x080082df   Thumb Code     6  stm32f4xx_iwdg.o(.text)
    IWDG_SetReload                           0x080082e5   Thumb Code     6  stm32f4xx_iwdg.o(.text)
    IWDG_ReloadCounter                       0x080082eb   Thumb Code    10  stm32f4xx_iwdg.o(.text)
    IWDG_Enable                              0x080082f5   Thumb Code    10  stm32f4xx_iwdg.o(.text)
    IWDG_GetFlagStatus                       0x080082ff   Thumb Code    20  stm32f4xx_iwdg.o(.text)
    NMI_Handler                              0x08008319   Thumb Code     2  stm32f4xx_it.o(.text)
    HardFault_Handler                        0x0800831b   Thumb Code     4  stm32f4xx_it.o(.text)
    MemManage_Handler                        0x0800831f   Thumb Code     4  stm32f4xx_it.o(.text)
    BusFault_Handler                         0x08008323   Thumb Code     4  stm32f4xx_it.o(.text)
    UsageFault_Handler                       0x08008327   Thumb Code     4  stm32f4xx_it.o(.text)
    SVC_Handler                              0x0800832b   Thumb Code     2  stm32f4xx_it.o(.text)
    DebugMon_Handler                         0x0800832d   Thumb Code     2  stm32f4xx_it.o(.text)
    PendSV_Handler                           0x0800832f   Thumb Code     2  stm32f4xx_it.o(.text)
    SysTick_Handler                          0x08008331   Thumb Code     2  stm32f4xx_it.o(.text)
    SystemInit                               0x08008445   Thumb Code    88  system_stm32f4xx.o(.text)
    SystemCoreClockUpdate                    0x0800849d   Thumb Code   174  system_stm32f4xx.o(.text)
    EXTI_DeInit                              0x08008579   Thumb Code    28  stm32f4xx_exti.o(.text)
    EXTI_Init                                0x08008595   Thumb Code   142  stm32f4xx_exti.o(.text)
    EXTI_StructInit                          0x08008623   Thumb Code    16  stm32f4xx_exti.o(.text)
    EXTI_GenerateSWInterrupt                 0x08008633   Thumb Code    16  stm32f4xx_exti.o(.text)
    EXTI_GetFlagStatus                       0x08008643   Thumb Code    22  stm32f4xx_exti.o(.text)
    EXTI_ClearFlag                           0x08008659   Thumb Code     8  stm32f4xx_exti.o(.text)
    EXTI_GetITStatus                         0x08008661   Thumb Code    22  stm32f4xx_exti.o(.text)
    EXTI_ClearITPendingBit                   0x08008677   Thumb Code     8  stm32f4xx_exti.o(.text)
    Reset_Handler                            0x08008689   Thumb Code     8  startup_stm32f427_437xx.o(.text)
    ADC_IRQHandler                           0x080086a3   Thumb Code     0  startup_stm32f427_437xx.o(.text)
    CAN1_RX1_IRQHandler                      0x080086a3   Thumb Code     0  startup_stm32f427_437xx.o(.text)
    CAN1_SCE_IRQHandler                      0x080086a3   Thumb Code     0  startup_stm32f427_437xx.o(.text)
    CAN2_RX1_IRQHandler                      0x080086a3   Thumb Code     0  startup_stm32f427_437xx.o(.text)
    CAN2_SCE_IRQHandler                      0x080086a3   Thumb Code     0  startup_stm32f427_437xx.o(.text)
    CRYP_IRQHandler                          0x080086a3   Thumb Code     0  startup_stm32f427_437xx.o(.text)
    DCMI_IRQHandler                          0x080086a3   Thumb Code     0  startup_stm32f427_437xx.o(.text)
    DMA1_Stream0_IRQHandler                  0x080086a3   Thumb Code     0  startup_stm32f427_437xx.o(.text)
    DMA1_Stream2_IRQHandler                  0x080086a3   Thumb Code     0  startup_stm32f427_437xx.o(.text)
    DMA1_Stream3_IRQHandler                  0x080086a3   Thumb Code     0  startup_stm32f427_437xx.o(.text)
    DMA1_Stream4_IRQHandler                  0x080086a3   Thumb Code     0  startup_stm32f427_437xx.o(.text)
    DMA1_Stream5_IRQHandler                  0x080086a3   Thumb Code     0  startup_stm32f427_437xx.o(.text)
    DMA1_Stream6_IRQHandler                  0x080086a3   Thumb Code     0  startup_stm32f427_437xx.o(.text)
    DMA1_Stream7_IRQHandler                  0x080086a3   Thumb Code     0  startup_stm32f427_437xx.o(.text)
    DMA2D_IRQHandler                         0x080086a3   Thumb Code     0  startup_stm32f427_437xx.o(.text)
    DMA2_Stream0_IRQHandler                  0x080086a3   Thumb Code     0  startup_stm32f427_437xx.o(.text)
    DMA2_Stream1_IRQHandler                  0x080086a3   Thumb Code     0  startup_stm32f427_437xx.o(.text)
    DMA2_Stream2_IRQHandler                  0x080086a3   Thumb Code     0  startup_stm32f427_437xx.o(.text)
    DMA2_Stream3_IRQHandler                  0x080086a3   Thumb Code     0  startup_stm32f427_437xx.o(.text)
    DMA2_Stream4_IRQHandler                  0x080086a3   Thumb Code     0  startup_stm32f427_437xx.o(.text)
    DMA2_Stream6_IRQHandler                  0x080086a3   Thumb Code     0  startup_stm32f427_437xx.o(.text)
    DMA2_Stream7_IRQHandler                  0x080086a3   Thumb Code     0  startup_stm32f427_437xx.o(.text)
    ETH_IRQHandler                           0x080086a3   Thumb Code     0  startup_stm32f427_437xx.o(.text)
    ETH_WKUP_IRQHandler                      0x080086a3   Thumb Code     0  startup_stm32f427_437xx.o(.text)
    EXTI0_IRQHandler                         0x080086a3   Thumb Code     0  startup_stm32f427_437xx.o(.text)
    EXTI15_10_IRQHandler                     0x080086a3   Thumb Code     0  startup_stm32f427_437xx.o(.text)
    EXTI2_IRQHandler                         0x080086a3   Thumb Code     0  startup_stm32f427_437xx.o(.text)
    EXTI3_IRQHandler                         0x080086a3   Thumb Code     0  startup_stm32f427_437xx.o(.text)
    EXTI4_IRQHandler                         0x080086a3   Thumb Code     0  startup_stm32f427_437xx.o(.text)
    EXTI9_5_IRQHandler                       0x080086a3   Thumb Code     0  startup_stm32f427_437xx.o(.text)
    FLASH_IRQHandler                         0x080086a3   Thumb Code     0  startup_stm32f427_437xx.o(.text)
    FMC_IRQHandler                           0x080086a3   Thumb Code     0  startup_stm32f427_437xx.o(.text)
    FPU_IRQHandler                           0x080086a3   Thumb Code     0  startup_stm32f427_437xx.o(.text)
    HASH_RNG_IRQHandler                      0x080086a3   Thumb Code     0  startup_stm32f427_437xx.o(.text)
    I2C1_ER_IRQHandler                       0x080086a3   Thumb Code     0  startup_stm32f427_437xx.o(.text)
    I2C1_EV_IRQHandler                       0x080086a3   Thumb Code     0  startup_stm32f427_437xx.o(.text)
    I2C2_ER_IRQHandler                       0x080086a3   Thumb Code     0  startup_stm32f427_437xx.o(.text)
    I2C2_EV_IRQHandler                       0x080086a3   Thumb Code     0  startup_stm32f427_437xx.o(.text)
    I2C3_ER_IRQHandler                       0x080086a3   Thumb Code     0  startup_stm32f427_437xx.o(.text)
    I2C3_EV_IRQHandler                       0x080086a3   Thumb Code     0  startup_stm32f427_437xx.o(.text)
    OTG_FS_IRQHandler                        0x080086a3   Thumb Code     0  startup_stm32f427_437xx.o(.text)
    OTG_FS_WKUP_IRQHandler                   0x080086a3   Thumb Code     0  startup_stm32f427_437xx.o(.text)
    OTG_HS_EP1_IN_IRQHandler                 0x080086a3   Thumb Code     0  startup_stm32f427_437xx.o(.text)
    OTG_HS_EP1_OUT_IRQHandler                0x080086a3   Thumb Code     0  startup_stm32f427_437xx.o(.text)
    OTG_HS_IRQHandler                        0x080086a3   Thumb Code     0  startup_stm32f427_437xx.o(.text)
    OTG_HS_WKUP_IRQHandler                   0x080086a3   Thumb Code     0  startup_stm32f427_437xx.o(.text)
    PVD_IRQHandler                           0x080086a3   Thumb Code     0  startup_stm32f427_437xx.o(.text)
    RCC_IRQHandler                           0x080086a3   Thumb Code     0  startup_stm32f427_437xx.o(.text)
    RTC_Alarm_IRQHandler                     0x080086a3   Thumb Code     0  startup_stm32f427_437xx.o(.text)
    RTC_WKUP_IRQHandler                      0x080086a3   Thumb Code     0  startup_stm32f427_437xx.o(.text)
    SAI1_IRQHandler                          0x080086a3   Thumb Code     0  startup_stm32f427_437xx.o(.text)
    SDIO_IRQHandler                          0x080086a3   Thumb Code     0  startup_stm32f427_437xx.o(.text)
    SPI1_IRQHandler                          0x080086a3   Thumb Code     0  startup_stm32f427_437xx.o(.text)
    SPI2_IRQHandler                          0x080086a3   Thumb Code     0  startup_stm32f427_437xx.o(.text)
    SPI3_IRQHandler                          0x080086a3   Thumb Code     0  startup_stm32f427_437xx.o(.text)
    SPI4_IRQHandler                          0x080086a3   Thumb Code     0  startup_stm32f427_437xx.o(.text)
    SPI5_IRQHandler                          0x080086a3   Thumb Code     0  startup_stm32f427_437xx.o(.text)
    SPI6_IRQHandler                          0x080086a3   Thumb Code     0  startup_stm32f427_437xx.o(.text)
    TAMP_STAMP_IRQHandler                    0x080086a3   Thumb Code     0  startup_stm32f427_437xx.o(.text)
    TIM1_BRK_TIM9_IRQHandler                 0x080086a3   Thumb Code     0  startup_stm32f427_437xx.o(.text)
    TIM1_CC_IRQHandler                       0x080086a3   Thumb Code     0  startup_stm32f427_437xx.o(.text)
    TIM1_TRG_COM_TIM11_IRQHandler            0x080086a3   Thumb Code     0  startup_stm32f427_437xx.o(.text)
    TIM1_UP_TIM10_IRQHandler                 0x080086a3   Thumb Code     0  startup_stm32f427_437xx.o(.text)
    TIM5_IRQHandler                          0x080086a3   Thumb Code     0  startup_stm32f427_437xx.o(.text)
    TIM6_DAC_IRQHandler                      0x080086a3   Thumb Code     0  startup_stm32f427_437xx.o(.text)
    TIM7_IRQHandler                          0x080086a3   Thumb Code     0  startup_stm32f427_437xx.o(.text)
    TIM8_BRK_TIM12_IRQHandler                0x080086a3   Thumb Code     0  startup_stm32f427_437xx.o(.text)
    TIM8_CC_IRQHandler                       0x080086a3   Thumb Code     0  startup_stm32f427_437xx.o(.text)
    TIM8_TRG_COM_TIM14_IRQHandler            0x080086a3   Thumb Code     0  startup_stm32f427_437xx.o(.text)
    TIM8_UP_TIM13_IRQHandler                 0x080086a3   Thumb Code     0  startup_stm32f427_437xx.o(.text)
    UART4_IRQHandler                         0x080086a3   Thumb Code     0  startup_stm32f427_437xx.o(.text)
    UART5_IRQHandler                         0x080086a3   Thumb Code     0  startup_stm32f427_437xx.o(.text)
    UART7_IRQHandler                         0x080086a3   Thumb Code     0  startup_stm32f427_437xx.o(.text)
    UART8_IRQHandler                         0x080086a3   Thumb Code     0  startup_stm32f427_437xx.o(.text)
    USART1_IRQHandler                        0x080086a3   Thumb Code     0  startup_stm32f427_437xx.o(.text)
    USART3_IRQHandler                        0x080086a3   Thumb Code     0  startup_stm32f427_437xx.o(.text)
    WWDG_IRQHandler                          0x080086a3   Thumb Code     0  startup_stm32f427_437xx.o(.text)
    __user_initial_stackheap                 0x080086a5   Thumb Code     0  startup_stm32f427_437xx.o(.text)
    __use_no_semihosting                     0x080086c9   Thumb Code     2  use_no_semi_2.o(.text)
    __2printf                                0x080086cd   Thumb Code    20  noretval__2printf.o(.text)
    __printf                                 0x080086e5   Thumb Code   104  __printf.o(.text)
    _printf_int_dec                          0x0800874d   Thumb Code   104  _printf_dec.o(.text)
    __aeabi_memcpy                           0x080087c5   Thumb Code     0  rt_memcpy_v6.o(.text)
    __rt_memcpy                              0x080087c5   Thumb Code   138  rt_memcpy_v6.o(.text)
    _memcpy_lastbytes                        0x0800882b   Thumb Code     0  rt_memcpy_v6.o(.text)
    __aeabi_memcpy4                          0x0800884f   Thumb Code     0  rt_memcpy_w.o(.text)
    __aeabi_memcpy8                          0x0800884f   Thumb Code     0  rt_memcpy_w.o(.text)
    __rt_memcpy_w                            0x0800884f   Thumb Code   100  rt_memcpy_w.o(.text)
    _memcpy_lastbytes_aligned                0x08008897   Thumb Code     0  rt_memcpy_w.o(.text)
    __aeabi_memclr4                          0x080088b3   Thumb Code     0  rt_memclr_w.o(.text)
    __aeabi_memclr8                          0x080088b3   Thumb Code     0  rt_memclr_w.o(.text)
    __rt_memclr_w                            0x080088b3   Thumb Code    78  rt_memclr_w.o(.text)
    _memset_w                                0x080088b7   Thumb Code     0  rt_memclr_w.o(.text)
    __use_two_region_memory                  0x08008901   Thumb Code     2  heapauxi.o(.text)
    __rt_heap_escrow$2region                 0x08008903   Thumb Code     2  heapauxi.o(.text)
    __rt_heap_expand$2region                 0x08008905   Thumb Code     2  heapauxi.o(.text)
    __I$use$semihosting                      0x08008907   Thumb Code     0  use_no_semi.o(.text)
    __use_no_semihosting_swi                 0x08008907   Thumb Code     2  use_no_semi.o(.text)
    __read_errno                             0x08008909   Thumb Code    10  _rserrno.o(.text)
    __set_errno                              0x08008913   Thumb Code    12  _rserrno.o(.text)
    _printf_int_common                       0x0800891f   Thumb Code   178  _printf_intcommon.o(.text)
    _printf_char_file                        0x080089d1   Thumb Code    32  _printf_char_file.o(.text)
    __aeabi_errno_addr                       0x080089f5   Thumb Code     8  rt_errno_addr_intlibspace.o(.text)
    __errno$intlibspace                      0x080089f5   Thumb Code     0  rt_errno_addr_intlibspace.o(.text)
    __rt_errno_addr$intlibspace              0x080089f5   Thumb Code     0  rt_errno_addr_intlibspace.o(.text)
    _printf_char_common                      0x08008a07   Thumb Code    32  _printf_char_common.o(.text)
    ferror                                   0x08008a2d   Thumb Code     8  ferror.o(.text)
    __user_libspace                          0x08008a35   Thumb Code     8  libspace.o(.text)
    __user_perproc_libspace                  0x08008a35   Thumb Code     0  libspace.o(.text)
    __user_perthread_libspace                0x08008a35   Thumb Code     0  libspace.o(.text)
    __user_setup_stackheap                   0x08008a3d   Thumb Code    74  sys_stackheap_outer.o(.text)
    exit                                     0x08008a87   Thumb Code    12  exit.o(.text)
    __ARM_fpclassify                         0x08008a93   Thumb Code    48  fpclassify.o(i.__ARM_fpclassify)
    __hardfp_asin                            0x08008ac9   Thumb Code   770  asin.o(i.__hardfp_asin)
    __hardfp_atan                            0x08008e29   Thumb Code   622  atan.o(i.__hardfp_atan)
    __hardfp_atan2                           0x08009101   Thumb Code   432  atan2.o(i.__hardfp_atan2)
    __hardfp_sqrt                            0x080092f1   Thumb Code   122  sqrt.o(i.__hardfp_sqrt)
    __kernel_poly                            0x0800936b   Thumb Code   248  poly.o(i.__kernel_poly)
    __mathlib_dbl_infnan                     0x08009463   Thumb Code    20  dunder.o(i.__mathlib_dbl_infnan)
    __mathlib_dbl_infnan2                    0x08009477   Thumb Code    20  dunder.o(i.__mathlib_dbl_infnan2)
    __mathlib_dbl_invalid                    0x08009491   Thumb Code    24  dunder.o(i.__mathlib_dbl_invalid)
    __mathlib_dbl_underflow                  0x080094b1   Thumb Code    24  dunder.o(i.__mathlib_dbl_underflow)
    atan                                     0x080094d1   Thumb Code    16  atan.o(i.atan)
    fabs                                     0x080094e1   Thumb Code    24  fabs.o(i.fabs)
    sqrt                                     0x080094f9   Thumb Code   110  sqrt.o(i.sqrt)
    __aeabi_dneg                             0x08009567   Thumb Code     0  basic.o(x$fpl$basic)
    _dneg                                    0x08009567   Thumb Code     6  basic.o(x$fpl$basic)
    __aeabi_fneg                             0x0800956d   Thumb Code     0  basic.o(x$fpl$basic)
    _fneg                                    0x0800956d   Thumb Code     6  basic.o(x$fpl$basic)
    _dabs                                    0x08009573   Thumb Code     6  basic.o(x$fpl$basic)
    _fabs                                    0x08009579   Thumb Code     6  basic.o(x$fpl$basic)
    __aeabi_d2f                              0x08009581   Thumb Code     0  d2f.o(x$fpl$d2f)
    _d2f                                     0x08009581   Thumb Code    98  d2f.o(x$fpl$d2f)
    __aeabi_dadd                             0x080095e5   Thumb Code     0  daddsub_clz.o(x$fpl$dadd)
    _dadd                                    0x080095e5   Thumb Code   332  daddsub_clz.o(x$fpl$dadd)
    __aeabi_ddiv                             0x08009735   Thumb Code     0  ddiv.o(x$fpl$ddiv)
    _ddiv                                    0x08009735   Thumb Code   552  ddiv.o(x$fpl$ddiv)
    __aeabi_dmul                             0x080099e5   Thumb Code     0  dmul.o(x$fpl$dmul)
    _dmul                                    0x080099e5   Thumb Code   332  dmul.o(x$fpl$dmul)
    __fpl_dnaninf                            0x08009b39   Thumb Code   156  dnaninf.o(x$fpl$dnaninf)
    __fpl_dretinf                            0x08009bd5   Thumb Code    12  dretinf.o(x$fpl$dretinf)
    __aeabi_drsub                            0x08009be1   Thumb Code     0  daddsub_clz.o(x$fpl$drsb)
    _drsb                                    0x08009be1   Thumb Code    22  daddsub_clz.o(x$fpl$drsb)
    _dsqrt                                   0x08009bf9   Thumb Code   404  dsqrt_umaal.o(x$fpl$dsqrt)
    __aeabi_dsub                             0x08009d91   Thumb Code     0  daddsub_clz.o(x$fpl$dsub)
    _dsub                                    0x08009d91   Thumb Code   464  daddsub_clz.o(x$fpl$dsub)
    __aeabi_f2d                              0x08009f65   Thumb Code     0  f2d.o(x$fpl$f2d)
    _f2d                                     0x08009f65   Thumb Code    86  f2d.o(x$fpl$f2d)
    __fpl_fnaninf                            0x08009fbb   Thumb Code   140  fnaninf.o(x$fpl$fnaninf)
    _fp_init                                 0x0800a047   Thumb Code    10  fpinit.o(x$fpl$fpinit)
    __fplib_config_fpu_vfp                   0x0800a04f   Thumb Code     0  fpinit.o(x$fpl$fpinit)
    __fplib_config_pureend_doubles           0x0800a04f   Thumb Code     0  fpinit.o(x$fpl$fpinit)
    __fpl_fretinf                            0x0800a051   Thumb Code    10  fretinf.o(x$fpl$fretinf)
    CRC8_INIT                                0x0800a05a   Data           1  referee.o(.constdata)
    __I$use$fp                               0x0800a05a   Number         0  usenofp.o(x$fpl$usenofp)
    CRC8_TAB                                 0x0800a05b   Data         256  referee.o(.constdata)
    __mathlib_zero                           0x0800a258   Data           8  qnan.o(.constdata)
    Region$$Table$$Base                      0x0800a260   Number         0  anon$$obj.o(Region$$Table)
    Region$$Table$$Limit                     0x0800a280   Number         0  anon$$obj.o(Region$$Table)
    CmCotrol                                 0x20000000   Data          28  my_api.o(.data)
    YawControl                               0x2000001c   Data          40  my_api.o(.data)
    PitchControl                             0x20000044   Data          40  my_api.o(.data)
    time_1ms                                 0x2000006c   Data           4  my_api.o(.data)
    g_fire_speed                             0x20000070   Data           2  my_api.o(.data)
    workState                                0x20000072   Data           1  my_api.o(.data)
    lastWorkState                            0x20000073   Data           1  my_api.o(.data)
    start                                    0x20000074   Data           1  my_api.o(.data)
    fire_fre                                 0x20000078   Data           4  my_api.o(.data)
    Control_Mode                             0x20000081   Data           1  dbustask.o(.data)
    watch                                    0x200000a4   Data           2  cantask.o(.data)
    watch1                                   0x200000a6   Data           2  cantask.o(.data)
    origion_yaw_encoder_val                  0x200000a8   Data           4  cantask.o(.data)
    origion_pith_encoder_val                 0x200000ac   Data           4  cantask.o(.data)
    init_flag                                0x200000b0   Data           4  cantask.o(.data)
    ID201_PID                                0x200000b4   Data          28  pid.o(.data)
    ID202_PID                                0x200000d0   Data          28  pid.o(.data)
    ID203_PID                                0x200000ec   Data          28  pid.o(.data)
    ID204_PID                                0x20000108   Data          28  pid.o(.data)
    ID207_PID                                0x20000124   Data          28  pid.o(.data)
    GimbalInit                               0x20000148   Data           1  gimbaltask.o(.data)
    limit_ch1                                0x20000178   Data           4  cmtask.o(.data)
    limit_ch0                                0x2000017c   Data           4  cmtask.o(.data)
    limit_ch2                                0x20000180   Data           4  cmtask.o(.data)
    Auto_Origion                             0x20000185   Data           6  auto_attacktask.o(.data)
    last_rune_Mode                           0x2000018b   Data           1  auto_attacktask.o(.data)
    SendBuff                                 0x2000018c   Data           4  auto_attacktask.o(.data)
    Bsp                                      0x20000194   Data          16  bsp.o(.data)
    __stdout                                 0x200001a4   Data           4  usart.o(.data)
    Dog                                      0x200001ac   Data          12  iwdg.o(.data)
    Usart1_RX_Cou                            0x200001b8   Data           2  referee.o(.data)
    Usart1_RX_Flag                           0x200001ba   Data           1  referee.o(.data)
    g_Referee_flag                           0x200001bb   Data           1  referee.o(.data)
    CRC_INIT                                 0x200001bc   Data           2  referee.o(.data)
    exInt                                    0x200001c0   Data           4  imu.o(.data)
    eyInt                                    0x200001c4   Data           4  imu.o(.data)
    ezInt                                    0x200001c8   Data           4  imu.o(.data)
    q0                                       0x200001cc   Data           4  imu.o(.data)
    q1                                       0x200001d0   Data           4  imu.o(.data)
    q2                                       0x200001d4   Data           4  imu.o(.data)
    q3                                       0x200001d8   Data           4  imu.o(.data)
    integralFBhand                           0x200001dc   Data           4  imu.o(.data)
    handdiff                                 0x200001e0   Data           4  imu.o(.data)
    lastUpdate                               0x200001e4   Data           4  imu.o(.data)
    now                                      0x200001e8   Data           4  imu.o(.data)
    Gx_offset                                0x200001ec   Data           2  mpu6500_driver.o(.data)
    Gy_offset                                0x200001ee   Data           2  mpu6500_driver.o(.data)
    Gz_offset                                0x200001f0   Data           2  mpu6500_driver.o(.data)
    MPU6500_Lastax                           0x200001f2   Data           2  mpu6500_driver.o(.data)
    MPU6500_Lastay                           0x200001f4   Data           2  mpu6500_driver.o(.data)
    MPU6500_Lastaz                           0x200001f6   Data           2  mpu6500_driver.o(.data)
    MPU6500_Lastgx                           0x200001f8   Data           2  mpu6500_driver.o(.data)
    MPU6500_Lastgy                           0x200001fa   Data           2  mpu6500_driver.o(.data)
    MPU6500_Lastgz                           0x200001fc   Data           2  mpu6500_driver.o(.data)
    gy_data                                  0x200001fe   Data           2  mpu6500_driver.o(.data)
    Error_Data                               0x20000200   Data          40  mpu6500_driver.o(.data)
    SystemCoreClock                          0x20000240   Data           4  system_stm32f4xx.o(.data)
    AHBPrescTable                            0x20000244   Data          16  system_stm32f4xx.o(.data)
    CAN1_Motor_PID                           0x20000254   Data         736  pid_modify.o(.bss)
    CAN2_Motor_PID                           0x20000534   Data         736  pid_modify.o(.bss)
    CAN1_Motor_Position_PID                  0x20000814   Data          92  pid_modify.o(.bss)
    power_linit_s                            0x20000870   Data          92  pid_modify.o(.bss)
    AutoData                                 0x200008e8   Data          20  auto_attacktask.o(.bss)
    sbus_rx_buffer                           0x200008fc   Data          25  dbus.o(.bss)
    myTerminal                               0x20000918   Data          48  usart.o(.bss)
    global_cout                              0x20000948   Data          48  iwdg.o(.bss)
    Referee_date1                            0x200009f0   Data          64  referee.o(.bss)
    power                                    0x20000a30   Data          56  referee.o(.bss)
    mydata                                   0x20000a7c   Data         156  imu.o(.bss)
    imu_data                                 0x20000b18   Data          20  mpu6500_driver.o(.bss)
    imu_data_offest                          0x20000b2c   Data          20  mpu6500_driver.o(.bss)
    __libspace_start                         0x20000bc4   Data          96  libspace.o(.bss)
    __temporary_stack_top$libspace           0x20000c24   Data           0  libspace.o(.bss)



==============================================================================

Memory Map of the image

  Image Entry point : 0x080001ad

  Load Region LR_IROM1 (Base: 0x08000000, Size: 0x0000a4d4, Max: 0x00200000, ABSOLUTE, COMPRESSED[0x0000a31c])

    Execution Region ER_IROM1 (Base: 0x08000000, Size: 0x0000a280, Max: 0x00200000, ABSOLUTE)

    Base Addr    Size         Type   Attr      Idx    E Section Name        Object

    0x08000000   0x000001ac   Data   RO         1260    RESET               startup_stm32f427_437xx.o
    0x080001ac   0x00000008   Code   RO         1307  * !!!main             c_w.l(__main.o)
    0x080001b4   0x00000034   Code   RO         1593    !!!scatter          c_w.l(__scatter.o)
    0x080001e8   0x0000005a   Code   RO         1591    !!dczerorl2         c_w.l(__dczerorl2.o)
    0x08000242   0x00000002   PAD
    0x08000244   0x0000001c   Code   RO         1595    !!handler_zi        c_w.l(__scatter_zi.o)
    0x08000260   0x00000000   Code   RO         1298    .ARM.Collect$$_printf_percent$$00000000  c_w.l(_printf_percent.o)
    0x08000260   0x00000006   Code   RO         1297    .ARM.Collect$$_printf_percent$$00000009  c_w.l(_printf_d.o)
    0x08000266   0x00000004   Code   RO         1374    .ARM.Collect$$_printf_percent$$00000017  c_w.l(_printf_percent_end.o)
    0x0800026a   0x00000002   Code   RO         1469    .ARM.Collect$$libinit$$00000000  c_w.l(libinit.o)
    0x0800026c   0x00000004   Code   RO         1472    .ARM.Collect$$libinit$$00000001  c_w.l(libinit2.o)
    0x08000270   0x00000000   Code   RO         1475    .ARM.Collect$$libinit$$00000004  c_w.l(libinit2.o)
    0x08000270   0x00000000   Code   RO         1478    .ARM.Collect$$libinit$$0000000A  c_w.l(libinit2.o)
    0x08000270   0x00000000   Code   RO         1480    .ARM.Collect$$libinit$$0000000C  c_w.l(libinit2.o)
    0x08000270   0x00000000   Code   RO         1482    .ARM.Collect$$libinit$$0000000E  c_w.l(libinit2.o)
    0x08000270   0x00000000   Code   RO         1485    .ARM.Collect$$libinit$$00000011  c_w.l(libinit2.o)
    0x08000270   0x00000000   Code   RO         1487    .ARM.Collect$$libinit$$00000013  c_w.l(libinit2.o)
    0x08000270   0x00000000   Code   RO         1489    .ARM.Collect$$libinit$$00000015  c_w.l(libinit2.o)
    0x08000270   0x00000000   Code   RO         1491    .ARM.Collect$$libinit$$00000017  c_w.l(libinit2.o)
    0x08000270   0x00000000   Code   RO         1493    .ARM.Collect$$libinit$$00000019  c_w.l(libinit2.o)
    0x08000270   0x00000000   Code   RO         1495    .ARM.Collect$$libinit$$0000001B  c_w.l(libinit2.o)
    0x08000270   0x00000000   Code   RO         1497    .ARM.Collect$$libinit$$0000001D  c_w.l(libinit2.o)
    0x08000270   0x00000000   Code   RO         1499    .ARM.Collect$$libinit$$0000001F  c_w.l(libinit2.o)
    0x08000270   0x00000000   Code   RO         1501    .ARM.Collect$$libinit$$00000021  c_w.l(libinit2.o)
    0x08000270   0x00000000   Code   RO         1503    .ARM.Collect$$libinit$$00000023  c_w.l(libinit2.o)
    0x08000270   0x00000000   Code   RO         1505    .ARM.Collect$$libinit$$00000025  c_w.l(libinit2.o)
    0x08000270   0x00000000   Code   RO         1509    .ARM.Collect$$libinit$$0000002C  c_w.l(libinit2.o)
    0x08000270   0x00000000   Code   RO         1511    .ARM.Collect$$libinit$$0000002E  c_w.l(libinit2.o)
    0x08000270   0x00000000   Code   RO         1513    .ARM.Collect$$libinit$$00000030  c_w.l(libinit2.o)
    0x08000270   0x00000000   Code   RO         1515    .ARM.Collect$$libinit$$00000032  c_w.l(libinit2.o)
    0x08000270   0x00000002   Code   RO         1516    .ARM.Collect$$libinit$$00000033  c_w.l(libinit2.o)
    0x08000272   0x00000002   Code   RO         1534    .ARM.Collect$$libshutdown$$00000000  c_w.l(libshutdown.o)
    0x08000274   0x00000000   Code   RO         1545    .ARM.Collect$$libshutdown$$00000003  c_w.l(libshutdown2.o)
    0x08000274   0x00000000   Code   RO         1548    .ARM.Collect$$libshutdown$$00000006  c_w.l(libshutdown2.o)
    0x08000274   0x00000000   Code   RO         1551    .ARM.Collect$$libshutdown$$00000009  c_w.l(libshutdown2.o)
    0x08000274   0x00000000   Code   RO         1553    .ARM.Collect$$libshutdown$$0000000B  c_w.l(libshutdown2.o)
    0x08000274   0x00000000   Code   RO         1556    .ARM.Collect$$libshutdown$$0000000E  c_w.l(libshutdown2.o)
    0x08000274   0x00000002   Code   RO         1557    .ARM.Collect$$libshutdown$$0000000F  c_w.l(libshutdown2.o)
    0x08000276   0x00000000   Code   RO         1367    .ARM.Collect$$rtentry$$00000000  c_w.l(__rtentry.o)
    0x08000276   0x00000000   Code   RO         1428    .ARM.Collect$$rtentry$$00000002  c_w.l(__rtentry2.o)
    0x08000276   0x00000006   Code   RO         1440    .ARM.Collect$$rtentry$$00000004  c_w.l(__rtentry4.o)
    0x0800027c   0x00000000   Code   RO         1430    .ARM.Collect$$rtentry$$00000009  c_w.l(__rtentry2.o)
    0x0800027c   0x00000004   Code   RO         1431    .ARM.Collect$$rtentry$$0000000A  c_w.l(__rtentry2.o)
    0x08000280   0x00000000   Code   RO         1433    .ARM.Collect$$rtentry$$0000000C  c_w.l(__rtentry2.o)
    0x08000280   0x00000008   Code   RO         1434    .ARM.Collect$$rtentry$$0000000D  c_w.l(__rtentry2.o)
    0x08000288   0x00000002   Code   RO         1470    .ARM.Collect$$rtexit$$00000000  c_w.l(rtexit.o)
    0x0800028a   0x00000000   Code   RO         1518    .ARM.Collect$$rtexit$$00000002  c_w.l(rtexit2.o)
    0x0800028a   0x00000004   Code   RO         1519    .ARM.Collect$$rtexit$$00000003  c_w.l(rtexit2.o)
    0x0800028e   0x00000006   Code   RO         1520    .ARM.Collect$$rtexit$$00000004  c_w.l(rtexit2.o)
    0x08000294   0x0000005c   Code   RO            3    .text               main.o
    0x080002f0   0x000002c0   Code   RO          267    .text               my_api.o
    0x080005b0   0x000007e8   Code   RO          304    .text               dbustask.o
    0x08000d98   0x000005ac   Code   RO          330    .text               cantask.o
    0x08001344   0x0000011c   Code   RO          376    .text               pid.o
    0x08001460   0x000005bc   Code   RO          403    .text               gimbaltask.o
    0x08001a1c   0x0000089a   Code   RO          430    .text               cmtask.o
    0x080022b6   0x00000002   PAD
    0x080022b8   0x00000210   Code   RO          457    .text               pid_modify.o
    0x080024c8   0x00000384   Code   RO          483    .text               auto_attacktask.o
    0x0800284c   0x000000e0   Code   RO          510    .text               bsp.o
    0x0800292c   0x00000048   Code   RO          536    .text               led.o
    0x08002974   0x00000038   Code   RO          556    .text               laser.o
    0x080029ac   0x00000034   Code   RO          576    .text               beep.o
    0x080029e0   0x00000158   Code   RO          596    .text               dbus.o
    0x08002b38   0x00000160   Code   RO          622    .text               usart.o
    0x08002c98   0x00000178   Code   RO          653    .text               timer.o
    0x08002e10   0x000001d4   Code   RO          673    .text               pwm.o
    0x08002fe4   0x00000134   Code   RO          693    .text               can1.o
    0x08003118   0x00000104   Code   RO          733    .text               delay.o
    0x0800321c   0x00000160   Code   RO          773    .text               stmflash.o
    0x0800337c   0x0000017c   Code   RO          793    .text               iwdg.o
    0x080034f8   0x00000474   Code   RO          820    .text               referee.o
    0x0800396c   0x00000a74   Code   RO          848    .text               imu.o
    0x080043e0   0x0000016c   Code   RO          875    .text               spi.o
    0x0800454c   0x00000860   Code   RO          895    .text               mpu6500_driver.o
    0x08004dac   0x000000ac   Code   RO          923    .text               imu_int.o
    0x08004e58   0x000000e0   Code   RO          943    .text               misc.o
    0x08004f38   0x00000294   Code   RO          963    .text               stm32f4xx_gpio.o
    0x080051cc   0x00000660   Code   RO          983    .text               stm32f4xx_rcc.o
    0x0800582c   0x00000094   Code   RO         1005    .text               stm32f4xx_syscfg.o
    0x080058c0   0x00000454   Code   RO         1025    .text               stm32f4xx_usart.o
    0x08005d14   0x000009f0   Code   RO         1045    .text               stm32f4xx_can.o
    0x08006704   0x000003a8   Code   RO         1065    .text               stm32f4xx_dma.o
    0x08006aac   0x00000ca2   Code   RO         1085    .text               stm32f4xx_tim.o
    0x0800774e   0x00000002   PAD
    0x08007750   0x000004ee   Code   RO         1105    .text               stm32f4xx_spi.o
    0x08007c3e   0x00000002   PAD
    0x08007c40   0x00000698   Code   RO         1125    .text               stm32f4xx_flash.o
    0x080082d8   0x00000040   Code   RO         1145    .text               stm32f4xx_iwdg.o
    0x08008318   0x0000001a   Code   RO         1165    .text               stm32f4xx_it.o
    0x08008332   0x00000002   PAD
    0x08008334   0x00000244   Code   RO         1214    .text               system_stm32f4xx.o
    0x08008578   0x00000110   Code   RO         1240    .text               stm32f4xx_exti.o
    0x08008688   0x00000040   Code   RO         1261    .text               startup_stm32f427_437xx.o
    0x080086c8   0x00000002   Code   RO         1267    .text               c_w.l(use_no_semi_2.o)
    0x080086ca   0x00000002   PAD
    0x080086cc   0x00000018   Code   RO         1271    .text               c_w.l(noretval__2printf.o)
    0x080086e4   0x00000068   Code   RO         1273    .text               c_w.l(__printf.o)
    0x0800874c   0x00000078   Code   RO         1275    .text               c_w.l(_printf_dec.o)
    0x080087c4   0x0000008a   Code   RO         1299    .text               c_w.l(rt_memcpy_v6.o)
    0x0800884e   0x00000064   Code   RO         1301    .text               c_w.l(rt_memcpy_w.o)
    0x080088b2   0x0000004e   Code   RO         1303    .text               c_w.l(rt_memclr_w.o)
    0x08008900   0x00000006   Code   RO         1305    .text               c_w.l(heapauxi.o)
    0x08008906   0x00000002   Code   RO         1365    .text               c_w.l(use_no_semi.o)
    0x08008908   0x00000016   Code   RO         1368    .text               c_w.l(_rserrno.o)
    0x0800891e   0x000000b2   Code   RO         1370    .text               c_w.l(_printf_intcommon.o)
    0x080089d0   0x00000024   Code   RO         1372    .text               c_w.l(_printf_char_file.o)
    0x080089f4   0x00000008   Code   RO         1445    .text               c_w.l(rt_errno_addr_intlibspace.o)
    0x080089fc   0x00000030   Code   RO         1447    .text               c_w.l(_printf_char_common.o)
    0x08008a2c   0x00000008   Code   RO         1449    .text               c_w.l(ferror.o)
    0x08008a34   0x00000008   Code   RO         1455    .text               c_w.l(libspace.o)
    0x08008a3c   0x0000004a   Code   RO         1458    .text               c_w.l(sys_stackheap_outer.o)
    0x08008a86   0x0000000c   Code   RO         1462    .text               c_w.l(exit.o)
    0x08008a92   0x00000030   Code   RO         1422    i.__ARM_fpclassify  m_wm.l(fpclassify.o)
    0x08008ac2   0x00000006   PAD
    0x08008ac8   0x00000360   Code   RO         1327    i.__hardfp_asin     m_wm.l(asin.o)
    0x08008e28   0x000002d8   Code   RO         1388    i.__hardfp_atan     m_wm.l(atan.o)
    0x08009100   0x000001f0   Code   RO         1341    i.__hardfp_atan2    m_wm.l(atan2.o)
    0x080092f0   0x0000007a   Code   RO         1353    i.__hardfp_sqrt     m_wm.l(sqrt.o)
    0x0800936a   0x000000f8   Code   RO         1424    i.__kernel_poly     m_wm.l(poly.o)
    0x08009462   0x00000014   Code   RO         1403    i.__mathlib_dbl_infnan  m_wm.l(dunder.o)
    0x08009476   0x00000014   Code   RO         1404    i.__mathlib_dbl_infnan2  m_wm.l(dunder.o)
    0x0800948a   0x00000006   PAD
    0x08009490   0x00000020   Code   RO         1405    i.__mathlib_dbl_invalid  m_wm.l(dunder.o)
    0x080094b0   0x00000020   Code   RO         1408    i.__mathlib_dbl_underflow  m_wm.l(dunder.o)
    0x080094d0   0x00000010   Code   RO         1390    i.atan              m_wm.l(atan.o)
    0x080094e0   0x00000018   Code   RO         1418    i.fabs              m_wm.l(fabs.o)
    0x080094f8   0x0000006e   Code   RO         1355    i.sqrt              m_wm.l(sqrt.o)
    0x08009566   0x00000018   Code   RO         1309    x$fpl$basic         fz_wm.l(basic.o)
    0x0800957e   0x00000002   PAD
    0x08009580   0x00000062   Code   RO         1311    x$fpl$d2f           fz_wm.l(d2f.o)
    0x080095e2   0x00000002   PAD
    0x080095e4   0x00000150   Code   RO         1313    x$fpl$dadd          fz_wm.l(daddsub_clz.o)
    0x08009734   0x000002b0   Code   RO         1320    x$fpl$ddiv          fz_wm.l(ddiv.o)
    0x080099e4   0x00000154   Code   RO         1323    x$fpl$dmul          fz_wm.l(dmul.o)
    0x08009b38   0x0000009c   Code   RO         1377    x$fpl$dnaninf       fz_wm.l(dnaninf.o)
    0x08009bd4   0x0000000c   Code   RO         1379    x$fpl$dretinf       fz_wm.l(dretinf.o)
    0x08009be0   0x00000016   Code   RO         1314    x$fpl$drsb          fz_wm.l(daddsub_clz.o)
    0x08009bf6   0x00000002   PAD
    0x08009bf8   0x00000198   Code   RO         1381    x$fpl$dsqrt         fz_wm.l(dsqrt_umaal.o)
    0x08009d90   0x000001d4   Code   RO         1315    x$fpl$dsub          fz_wm.l(daddsub_clz.o)
    0x08009f64   0x00000056   Code   RO         1325    x$fpl$f2d           fz_wm.l(f2d.o)
    0x08009fba   0x0000008c   Code   RO         1383    x$fpl$fnaninf       fz_wm.l(fnaninf.o)
    0x0800a046   0x0000000a   Code   RO         1526    x$fpl$fpinit        fz_wm.l(fpinit.o)
    0x0800a050   0x0000000a   Code   RO         1385    x$fpl$fretinf       fz_wm.l(fretinf.o)
    0x0800a05a   0x00000000   Code   RO         1387    x$fpl$usenofp       fz_wm.l(usenofp.o)
    0x0800a05a   0x00000101   Data   RO          822    .constdata          referee.o
    0x0800a15b   0x00000001   PAD
    0x0800a15c   0x00000014   Data   RO          897    .constdata          mpu6500_driver.o
    0x0800a170   0x00000050   Data   RO         1330    .constdata          m_wm.l(asin.o)
    0x0800a1c0   0x00000098   Data   RO         1391    .constdata          m_wm.l(atan.o)
    0x0800a258   0x00000008   Data   RO         1426    .constdata          m_wm.l(qnan.o)
    0x0800a260   0x00000020   Data   RO         1589    Region$$Table       anon$$obj.o


    Execution Region RW_IRAM1 (Base: 0x20000000, Size: 0x00001228, Max: 0x00030000, ABSOLUTE, COMPRESSED[0x0000009c])

    Base Addr    Size         Type   Attr      Idx    E Section Name        Object

    0x20000000   0x00000080   Data   RW          268    .data               my_api.o
    0x20000080   0x0000000a   Data   RW          305    .data               dbustask.o
    0x2000008a   0x00000002   PAD
    0x2000008c   0x00000028   Data   RW          331    .data               cantask.o
    0x200000b4   0x00000092   Data   RW          378    .data               pid.o
    0x20000146   0x00000002   PAD
    0x20000148   0x0000002d   Data   RW          404    .data               gimbaltask.o
    0x20000175   0x00000003   PAD
    0x20000178   0x0000000d   Data   RW          431    .data               cmtask.o
    0x20000185   0x0000000c   Data   RW          485    .data               auto_attacktask.o
    0x20000191   0x00000003   PAD
    0x20000194   0x00000010   Data   RW          511    .data               bsp.o
    0x200001a4   0x00000004   Data   RW          624    .data               usart.o
    0x200001a8   0x00000004   Data   RW          734    .data               delay.o
    0x200001ac   0x0000000c   Data   RW          795    .data               iwdg.o
    0x200001b8   0x00000007   Data   RW          823    .data               referee.o
    0x200001bf   0x00000001   PAD
    0x200001c0   0x0000002c   Data   RW          850    .data               imu.o
    0x200001ec   0x00000041   Data   RW          898    .data               mpu6500_driver.o
    0x2000022d   0x00000010   Data   RW          984    .data               stm32f4xx_rcc.o
    0x2000023d   0x00000003   PAD
    0x20000240   0x00000014   Data   RW         1215    .data               system_stm32f4xx.o
    0x20000254   0x00000678   Zero   RW          458    .bss                pid_modify.o
    0x200008cc   0x00000030   Zero   RW          484    .bss                auto_attacktask.o
    0x200008fc   0x00000019   Zero   RW          597    .bss                dbus.o
    0x20000915   0x00000003   PAD
    0x20000918   0x00000030   Zero   RW          623    .bss                usart.o
    0x20000948   0x00000030   Zero   RW          794    .bss                iwdg.o
    0x20000978   0x00000104   Zero   RW          821    .bss                referee.o
    0x20000a7c   0x0000009c   Zero   RW          849    .bss                imu.o
    0x20000b18   0x000000ac   Zero   RW          896    .bss                mpu6500_driver.o
    0x20000bc4   0x00000060   Zero   RW         1456    .bss                c_w.l(libspace.o)
    0x20000c24   0x00000004   PAD
    0x20000c28   0x00000200   Zero   RW         1259    HEAP                startup_stm32f427_437xx.o
    0x20000e28   0x00000400   Zero   RW         1258    STACK               startup_stm32f427_437xx.o


==============================================================================

Image component sizes


      Code (inc. data)   RO Data    RW Data    ZI Data      Debug   Object Name

       900         56          0         12         48       4325   auto_attacktask.o
        52          4          0          0          0        533   beep.o
       224         20          0         16          0       2308   bsp.o
       308          8          0          0          0       1073   can1.o
      1452        126          0         40          0       4562   cantask.o
      2202        100          0         13          0       3317   cmtask.o
       344         22          0          0         25       1831   dbus.o
      2024        164          0         10          0       4424   dbustask.o
       260          8          0          4          0       1462   delay.o
      1468        128          0         45          0       5273   gimbaltask.o
      2676        104          0         44        156       3839   imu.o
       172         10          0          0          0       1106   imu_int.o
       380        170          0         12         48       3037   iwdg.o
        56          6          0          0          0        538   laser.o
        72         10          0          0          0        540   led.o
        92         38          0          0          0     330983   main.o
       224         20          0          0          0       1865   misc.o
      2144        112         20         65        172       7017   mpu6500_driver.o
       704         66          0        128          0       5906   my_api.o
       284         14          0        146          0       2933   pid.o
       528         14          0          0       1656       3679   pid_modify.o
       468         22          0          0          0       1209   pwm.o
      1140         52        257          7        260       5686   referee.o
       364          8          0          0          0       1438   spi.o
        64         26        428          0       1536        856   startup_stm32f427_437xx.o
      2544         38          0          0          0       8020   stm32f4xx_can.o
       936         32          0          0          0       6345   stm32f4xx_dma.o
       272         10          0          0          0       2311   stm32f4xx_exti.o
      1688         24          0          0          0       9202   stm32f4xx_flash.o
       660         44          0          0          0       4145   stm32f4xx_gpio.o
        26          0          0          0          0       1246   stm32f4xx_it.o
        64          6          0          0          0       1357   stm32f4xx_iwdg.o
      1632         54          0         16          0      13012   stm32f4xx_rcc.o
      1262         38          0          0          0       7345   stm32f4xx_spi.o
       148         12          0          0          0       1869   stm32f4xx_syscfg.o
      3234         60          0          0          0      22348   stm32f4xx_tim.o
      1108         34          0          0          0       7844   stm32f4xx_usart.o
       352         48          0          0          0       2388   stmflash.o
       580         46          0         20          0       1879   system_stm32f4xx.o
       376          8          0          0          0       1829   timer.o
       352         14          0          4         48       4040   usart.o

    ----------------------------------------------------------------------
     33844       1776        738        596       3952     494920   Object Totals
         0          0         32          0          0          0   (incl. Generated)
         8          0          1         14          3          0   (incl. Padding)

    ----------------------------------------------------------------------

      Code (inc. data)   RO Data    RW Data    ZI Data      Debug   Library Member Name

        90          0          0          0          0          0   __dczerorl2.o
         8          0          0          0          0         68   __main.o
       104          0          0          0          0         84   __printf.o
         0          0          0          0          0          0   __rtentry.o
        12          0          0          0          0          0   __rtentry2.o
         6          0          0          0          0          0   __rtentry4.o
        52          8          0          0          0          0   __scatter.o
        28          0          0          0          0          0   __scatter_zi.o
        48          6          0          0          0         96   _printf_char_common.o
        36          4          0          0          0         80   _printf_char_file.o
         6          0          0          0          0          0   _printf_d.o
       120         16          0          0          0         92   _printf_dec.o
       178          0          0          0          0         88   _printf_intcommon.o
         0          0          0          0          0          0   _printf_percent.o
         4          0          0          0          0          0   _printf_percent_end.o
        22          0          0          0          0        100   _rserrno.o
        12          0          0          0          0         72   exit.o
         8          0          0          0          0         68   ferror.o
         6          0          0          0          0        152   heapauxi.o
         2          0          0          0          0          0   libinit.o
         6          0          0          0          0          0   libinit2.o
         2          0          0          0          0          0   libshutdown.o
         2          0          0          0          0          0   libshutdown2.o
         8          4          0          0         96         68   libspace.o
        24          4          0          0          0         84   noretval__2printf.o
         8          4          0          0          0         68   rt_errno_addr_intlibspace.o
        78          0          0          0          0         80   rt_memclr_w.o
       138          0          0          0          0         68   rt_memcpy_v6.o
       100          0          0          0          0         80   rt_memcpy_w.o
         2          0          0          0          0          0   rtexit.o
        10          0          0          0          0          0   rtexit2.o
        74          0          0          0          0         80   sys_stackheap_outer.o
         2          0          0          0          0         68   use_no_semi.o
         2          0          0          0          0         68   use_no_semi_2.o
        24          0          0          0          0        164   basic.o
        98          4          0          0          0        140   d2f.o
       826         16          0          0          0        492   daddsub_clz.o
       688        140          0          0          0        256   ddiv.o
       340         12          0          0          0        152   dmul.o
       156          4          0          0          0        140   dnaninf.o
        12          0          0          0          0        116   dretinf.o
       408         56          0          0          0        168   dsqrt_umaal.o
        86          4          0          0          0        132   f2d.o
       140          4          0          0          0        132   fnaninf.o
        10          0          0          0          0        116   fpinit.o
        10          0          0          0          0        116   fretinf.o
         0          0          0          0          0          0   usenofp.o
       864         94         80          0          0        280   asin.o
       744        106        152          0          0        352   atan.o
       496         64          0          0          0        192   atan2.o
       104         16          0          0          0        496   dunder.o
        24          0          0          0          0        124   fabs.o
        48          0          0          0          0        124   fpclassify.o
       248          0          0          0          0        152   poly.o
         0          0          8          0          0          0   qnan.o
       232          0          0          0          0        296   sqrt.o

    ----------------------------------------------------------------------
      6778        566        240          0        100       5704   Library Totals
        22          0          0          0          4          0   (incl. Padding)

    ----------------------------------------------------------------------

      Code (inc. data)   RO Data    RW Data    ZI Data      Debug   Library Name

      1198         46          0          0         96       1564   c_w.l
      2798        240          0          0          0       2124   fz_wm.l
      2760        280        240          0          0       2016   m_wm.l

    ----------------------------------------------------------------------
      6778        566        240          0        100       5704   Library Totals

    ----------------------------------------------------------------------

==============================================================================


      Code (inc. data)   RO Data    RW Data    ZI Data      Debug   

     40622       2342        978        596       4052     489044   Grand Totals
     40622       2342        978        156       4052     489044   ELF Image Totals (compressed)
     40622       2342        978        156          0          0   ROM Totals

==============================================================================

    Total RO  Size (Code + RO Data)                41600 (  40.63kB)
    Total RW  Size (RW Data + ZI Data)              4648 (   4.54kB)
    Total ROM Size (Code + RO Data + RW Data)      41756 (  40.78kB)

==============================================================================

